ARM Linker, 5.03 [Build 24] [MDK-ARM Professional]

==============================================================================

Section Cross References

    main.o(i.AD_Calibration_menu) refers to 24cxx.o(i.AT24CXX_Read) for AT24CXX_Read
    main.o(i.AD_Calibration_menu) refers to ffltui.o(.text) for __aeabi_ui2f
    main.o(i.AD_Calibration_menu) refers to fdiv.o(.text) for __aeabi_fdiv
    main.o(i.AD_Calibration_menu) refers to fadd.o(.text) for __aeabi_fadd
    main.o(i.AD_Calibration_menu) refers to main.o(i.Calibration_menu) for Calibration_menu
    main.o(i.AD_Calibration_menu) refers to main.o(i.display_time) for display_time
    main.o(i.AD_Calibration_menu) refers to ft5206.o(i.FT5206_Scan) for FT5206_Scan
    main.o(i.AD_Calibration_menu) refers to ft5206.o(i.Loosen_Lcd) for Loosen_Lcd
    main.o(i.AD_Calibration_menu) refers to main.o(i.speekers) for speekers
    main.o(i.AD_Calibration_menu) refers to lcd.o(i.AnJianPressed) for AnJianPressed
    main.o(i.AD_Calibration_menu) refers to lcd.o(i.Show_Str) for Show_Str
    main.o(i.AD_Calibration_menu) refers to lcd.o(i.Put_AnJian) for Put_AnJian
    main.o(i.AD_Calibration_menu) refers to main.o(.data) for pressAD_kint
    main.o(i.AD_Calibration_menu) refers to stm32f10x_it.o(.data) for press_k
    main.o(i.AD_Calibration_menu) refers to ft5206.o(.data) for ctp_dev
    main.o(i.AD_Calibration_menu) refers to fflti.o(.text) for __aeabi_i2f
    main.o(i.AD_Calibration_menu) refers to fmul.o(.text) for __aeabi_fmul
    main.o(i.AD_Calibration_menu) refers to ffixui.o(.text) for __aeabi_f2uiz
    main.o(i.AD_Calibration_menu) refers to f2d.o(.text) for __aeabi_f2d
    main.o(i.AD_Calibration_menu) refers to printfa.o(i.__0sprintf) for __2sprintf
    main.o(i.AD_Calibration_menu) refers to lcd.o(i.LCD_ShowString) for LCD_ShowString
    main.o(i.AD_Calibration_menu) refers to 24cxx.o(i.AT24CXX_Write) for AT24CXX_Write
    main.o(i.AD_Calibration_menu) refers to main.o(i.menu_setkeyboard) for menu_setkeyboard
    main.o(i.AD_Calibration_menu) refers to setup.o(i.Get_Adc_Average) for Get_Adc_Average
    main.o(i.AD_Calibration_menu) refers to main.o(i.menu_setting) for menu_setting
    main.o(i.AD_Calibration_menu) refers to main.o(i.menu_setting_key) for menu_setting_key
    main.o(i.AD_Calibration_menu) refers to main.o(i.menu1) for menu1
    main.o(i.AD_Calibration_menu) refers to main.o(i.menu_datacheck) for menu_datacheck
    main.o(i.AD_Calibration_menu) refers to main.o(i.menu_datacheck_key) for menu_datacheck_key
    main.o(i.AD_Calibration_menu) refers to main.o(i.menu_help) for menu_help
    main.o(i.Calibration_menu) refers to lcd.o(i.LCD_Fill) for LCD_Fill
    main.o(i.Calibration_menu) refers to lcd.o(i.Show_Str) for Show_Str
    main.o(i.Calibration_menu) refers to printfa.o(i.__0sprintf) for __2sprintf
    main.o(i.Calibration_menu) refers to lcd.o(i.LCD_ShowString) for LCD_ShowString
    main.o(i.Calibration_menu) refers to f2d.o(.text) for __aeabi_f2d
    main.o(i.Calibration_menu) refers to lcd.o(i.Put_AnJian) for Put_AnJian
    main.o(i.Calibration_menu) refers to lcd.o(.data) for BACK_COLOR
    main.o(i.Calibration_menu) refers to main.o(.data) for biaoding1
    main.o(i.Calibration_menu) refers to stm32f10x_it.o(.data) for press_k
    main.o(i.Data_Fullmenu) refers to lcd.o(i.LCD_Fill) for LCD_Fill
    main.o(i.Data_Fullmenu) refers to lcd.o(i.Show_Str) for Show_Str
    main.o(i.Data_Fullmenu) refers to lcd.o(i.Put_AnJian) for Put_AnJian
    main.o(i.Data_Fullmenu) refers to ft5206.o(i.FT5206_Scan) for FT5206_Scan
    main.o(i.Data_Fullmenu) refers to ft5206.o(i.Loosen_Lcd) for Loosen_Lcd
    main.o(i.Data_Fullmenu) refers to main.o(i.speekers) for speekers
    main.o(i.Data_Fullmenu) refers to main.o(i.menu1) for menu1
    main.o(i.Data_Fullmenu) refers to lcd.o(.data) for POINT_COLOR
    main.o(i.Data_Fullmenu) refers to ft5206.o(.data) for ctp_dev
    main.o(i.Data_Fullmenu) refers to main.o(.data) for key_value
    main.o(i.Erase_Waring) refers to lcd.o(i.LCD_Fill) for LCD_Fill
    main.o(i.Erase_Waring) refers to lcd.o(i.Show_Str) for Show_Str
    main.o(i.Erase_Waring) refers to lcd.o(i.Put_AnJian) for Put_AnJian
    main.o(i.Erase_Waring) refers to ft5206.o(i.FT5206_Scan) for FT5206_Scan
    main.o(i.Erase_Waring) refers to ft5206.o(i.Loosen_Lcd) for Loosen_Lcd
    main.o(i.Erase_Waring) refers to main.o(i.speekers) for speekers
    main.o(i.Erase_Waring) refers to flash.o(i.SPI_Flash_Erase_Sector) for SPI_Flash_Erase_Sector
    main.o(i.Erase_Waring) refers to setup.o(i.delay_ms) for delay_ms
    main.o(i.Erase_Waring) refers to 24cxx.o(i.AT24CXX_WriteOneByte) for AT24CXX_WriteOneByte
    main.o(i.Erase_Waring) refers to lcd.o(.data) for POINT_COLOR
    main.o(i.Erase_Waring) refers to ft5206.o(.data) for ctp_dev
    main.o(i.Erase_Waring) refers to main.o(.data) for key_value
    main.o(i.JianPan_Displayfu) refers to lcd.o(i.Put_AnJian) for Put_AnJian
[...]
    i.PrintReport                            0x08004730   Section        0  main.o(i.PrintReport)
    i.PrintStr                               0x08004c6a   Section        0  printer.o(i.PrintStr)
    i.PrintStrNnum                           0x08004c86   Section        0  printer.o(i.PrintStrNnum)
    i.Printer_Init                           0x08004cac   Section        0  printer.o(i.Printer_Init)
    i.Put_AnJian                             0x08004d48   Section        0  lcd.o(i.Put_AnJian)
    i.RCC_AHBPeriphClockCmd                  0x0800520c   Section        0  stm32f10x_rcc.o(i.RCC_AHBPeriphClockCmd)
    i.RCC_APB1PeriphClockCmd                 0x0800522c   Section        0  stm32f10x_rcc.o(i.RCC_APB1PeriphClockCmd)
    i.RCC_APB2PeriphClockCmd                 0x0800524c   Section        0  stm32f10x_rcc.o(i.RCC_APB2PeriphClockCmd)
    i.RCC_BackupResetCmd                     0x0800526c   Section        0  stm32f10x_rcc.o(i.RCC_BackupResetCmd)
    i.RCC_Configuration                      0x08005278   Section        0  setup.o(i.RCC_Configuration)
    i.RCC_GetClocksFreq                      0x080052a0   Section        0  stm32f10x_rcc.o(i.RCC_GetClocksFreq)
    i.RCC_GetFlagStatus                      0x08005374   Section        0  stm32f10x_rcc.o(i.RCC_GetFlagStatus)
    i.RCC_LSEConfig                          0x080053b0   Section        0  stm32f10x_rcc.o(i.RCC_LSEConfig)
    i.RCC_RTCCLKCmd                          0x080053e4   Section        0  stm32f10x_rcc.o(i.RCC_RTCCLKCmd)
    i.RCC_RTCCLKConfig                       0x080053f0   Section        0  stm32f10x_rcc.o(i.RCC_RTCCLKConfig)
    i.RTC_EnterConfigMode                    0x08005400   Section        0  stm32f10x_rtc.o(i.RTC_EnterConfigMode)
    i.RTC_ExitConfigMode                     0x08005414   Section        0  stm32f10x_rtc.o(i.RTC_ExitConfigMode)
    i.RTC_Get                                0x08005428   Section        0  rtc.o(i.RTC_Get)
    i.RTC_Get_Week                           0x08005530   Section        0  rtc.o(i.RTC_Get_Week)
    i.RTC_IRQHandler                         0x080055a8   Section        0  rtc.o(i.RTC_IRQHandler)
    i.RTC_ITConfig                           0x080055f0   Section        0  stm32f10x_rtc.o(i.RTC_ITConfig)
    i.RTC_Init                               0x08005610   Section        0  rtc.o(i.RTC_Init)
    i.RTC_Set                                0x080056d8   Section        0  rtc.o(i.RTC_Set)
    i.RTC_SetPrescaler                       0x080057e8   Section        0  stm32f10x_rtc.o(i.RTC_SetPrescaler)
    i.RTC_WaitForLastTask                    0x08005808   Section        0  stm32f10x_rtc.o(i.RTC_WaitForLastTask)
    i.RTC_WaitForSynchro                     0x0800581c   Section        0  stm32f10x_rtc.o(i.RTC_WaitForSynchro)
    i.ReceiveByte_USART2                     0x0800583c   Section        0  serial.o(i.ReceiveByte_USART2)
    i.SPI1_Init                              0x08005890   Section        0  spi.o(i.SPI1_Init)
    i.SPI1_ReadWriteByte                     0x08005958   Section        0  spi.o(i.SPI1_ReadWriteByte)
    i.SPI2_Init                              0x080059a0   Section        0  spi.o(i.SPI2_Init)
    i.SPI2_ReadWriteByte                     0x08005a24   Section        0  spi.o(i.SPI2_ReadWriteByte)
    i.SPI2_SetSpeed                          0x08005a78   Section        0  spi.o(i.SPI2_SetSpeed)
    i.SPI_AD8341_Init                        0x08005aa0   Section        0  ads8341.o(i.SPI_AD8341_Init)
    i.SPI_Cmd                                0x08005ad4   Section        0  stm32f10x_spi.o(i.SPI_Cmd)
    i.SPI_FLASH_Write_Enable                 0x08005aec   Section        0  flash.o(i.SPI_FLASH_Write_Enable)
    i.SPI_Flash_Erase_Sector                 0x08005b10   Section        0  flash.o(i.SPI_Flash_Erase_Sector)
    i.SPI_Flash_Init                         0x08005b58   Section        0  flash.o(i.SPI_Flash_Init)
    i.SPI_Flash_Read                         0x08005b90   Section        0  flash.o(i.SPI_Flash_Read)
    i.SPI_Flash_ReadSR                       0x08005be4   Section        0  flash.o(i.SPI_Flash_ReadSR)
    i.SPI_Flash_Wait_Busy                    0x08005c14   Section        0  flash.o(i.SPI_Flash_Wait_Busy)
    i.SPI_Flash_Write                        0x08005c24   Section        0  flash.o(i.SPI_Flash_Write)
    i.SPI_Flash_Write_NoCheck                0x08005cd8   Section        0  flash.o(i.SPI_Flash_Write_NoCheck)
    i.SPI_Flash_Write_Page                   0x08005d20   Section        0  flash.o(i.SPI_Flash_Write_Page)
    i.SPI_I2S_GetFlagStatus                  0x08005d78   Section        0  stm32f10x_spi.o(i.SPI_I2S_GetFlagStatus)
    i.SPI_I2S_ReceiveData                    0x08005d8a   Section        0  stm32f10x_spi.o(i.SPI_I2S_ReceiveData)
    i.SPI_I2S_SendData                       0x08005d90   Section        0  stm32f10x_spi.o(i.SPI_I2S_SendData)
    i.SPI_Init                               0x08005d94   Section        0  stm32f10x_spi.o(i.SPI_Init)
    i.SVC_Handler                            0x08005dd0   Section        0  stm32f10x_it.o(i.SVC_Handler)
    i.ScanKeyBoard                           0x08005dd4   Section        0  main.o(i.ScanKeyBoard)
    i.SendByte_USART2                        0x080061b0   Section        0  serial.o(i.SendByte_USART2)
    i.SendFirstByte_USART2                   0x08006210   Section        0  serial.o(i.SendFirstByte_USART2)
    i.Sendout_uart1_CLJ260                   0x08006240   Section        0  serial.o(i.Sendout_uart1_CLJ260)
    i.Sendout_uart1_Flowmeter                0x08006324   Section        0  serial.o(i.Sendout_uart1_Flowmeter)
    i.SetSysClock                            0x080063a4   Section        0  system_stm32f10x.o(i.SetSysClock)
    SetSysClock                              0x080063a5   Thumb Code     8  system_stm32f10x.o(i.SetSysClock)
    i.SetSysClockTo72                        0x080063ac   Section        0  system_stm32f10x.o(i.SetSysClockTo72)
    SetSysClockTo72                          0x080063ad   Thumb Code   212  system_stm32f10x.o(i.SetSysClockTo72)
    i.Show_Excel                             0x08006488   Section        0  main.o(i.Show_Excel)
    i.Show_GB16                              0x0800678c   Section        0  lcd.o(i.Show_GB16)
    i.Show_GB24                              0x08006900   Section        0  lcd.o(i.Show_GB24)
    i.Show_GB32                              0x08006a88   Section        0  lcd.o(i.Show_GB32)
    i.Show_Str                               0x08006bfc   Section        0  lcd.o(i.Show_Str)
    i.SysTick_Handler                        0x08006cee   Section        0  stm32f10x_it.o(i.SysTick_Handler)
    i.SystemInit                             0x08006cf0   Section        0  system_stm32f10x.o(i.SystemInit)
    i.TIM4_IRQHandler                        0x08006d50   Section        0  stm32f10x_it.o(i.TIM4_IRQHandler)
    i.TIM4_Int_Init                          0x08006e38   Section        0  setup.o(i.TIM4_Int_Init)
    i.TIM_ClearITPendingBit                  0x08006e9c   Section        0  stm32f10x_tim.o(i.TIM_ClearITPendingBit)
    i.TIM_Cmd                                0x08006ea2   Section        0  stm32f10x_tim.o(i.TIM_Cmd)
    i.TIM_GetITStatus                        0x08006eba   Section        0  stm32f10x_tim.o(i.TIM_GetITStatus)
    i.TIM_ITConfig                           0x08006edc   Section        0  stm32f10x_tim.o(i.TIM_ITConfig)
    i.TIM_TimeBaseInit                       0x08006ef0   Section        0  stm32f10x_tim.o(i.TIM_TimeBaseInit)
    i.Test_DataSave                          0x08006f94   Section        0  main.o(i.Test_DataSave)
    i.Test_Function                          0x08007118   Section        0  main.o(i.Test_Function)
    i.USART2_IRQHandler                      0x080072bc   Section        0  stm32f10x_it.o(i.USART2_IRQHandler)
    i.USART2_Rece                            0x080072f8   Section        0  serial.o(i.USART2_Rece)
    i.USART2_Send                            0x0800733c   Section        0  serial.o(i.USART2_Send)
    i.USART_ClearITPendingBit                0x0800736c   Section        0  stm32f10x_usart.o(i.USART_ClearITPendingBit)
    i.USART_Cmd                              0x0800738a   Section        0  stm32f10x_usart.o(i.USART_Cmd)
    i.USART_Com                              0x080073a2   Section        0  serial.o(i.USART_Com)
    i.USART_Configuration                    0x080073b0   Section        0  setup.o(i.USART_Configuration)
    i.USART_GetITStatus                      0x08007444   Section        0  stm32f10x_usart.o(i.USART_GetITStatus)
    i.USART_ITConfig                         0x08007498   Section        0  stm32f10x_usart.o(i.USART_ITConfig)
    i.USART_Init                             0x080074e4   Section        0  stm32f10x_usart.o(i.USART_Init)
    i.USART_ReceiveData                      0x080075bc   Section        0  stm32f10x_usart.o(i.USART_ReceiveData)
    i.USART_SendData                         0x080075c6   Section        0  stm32f10x_usart.o(i.USART_SendData)
    i.UsageFault_Handler                     0x080075ce   Section        0  stm32f10x_it.o(i.UsageFault_Handler)
    i.ZD_Port                                0x080075d4   Section        0  serial.o(i.ZD_Port)
    i.__0sprintf                             0x08007784   Section        0  printfa.o(i.__0sprintf)
    i.__scatterload_copy                     0x080077ac   Section       14  handlers.o(i.__scatterload_copy)
    i.__scatterload_null                     0x080077ba   Section        2  handlers.o(i.__scatterload_null)
    i.__scatterload_zeroinit                 0x080077bc   Section       14  handlers.o(i.__scatterload_zeroinit)
    i._fp_digits                             0x080077cc   Section        0  printfa.o(i._fp_digits)
    _fp_digits                               0x080077cd   Thumb Code   326  printfa.o(i._fp_digits)
    i._printf_core                           0x08007928   Section        0  printfa.o(i._printf_core)
    _printf_core                             0x08007929   Thumb Code  1762  printfa.o(i._printf_core)
    i._printf_post_padding                   0x08008018   Section        0  printfa.o(i._printf_post_padding)
    _printf_post_padding                     0x08008019   Thumb Code    38  printfa.o(i._printf_post_padding)
    i._printf_pre_padding                    0x0800803e   Section        0  printfa.o(i._printf_pre_padding)
    _printf_pre_padding                      0x0800803f   Thumb Code    48  printfa.o(i._printf_pre_padding)
    i._sputc                                 0x0800806e   Section        0  printfa.o(i._sputc)
    _sputc                                   0x0800806f   Thumb Code    10  printfa.o(i._sputc)
    i.delay1ms                               0x08008078   Section        0  24cxx.o(i.delay1ms)
    i.delay_ms                               0x08008096   Section        0  setup.o(i.delay_ms)
    i.delay_us                               0x080080b0   Section        0  setup.o(i.delay_us)
    i.delayms                                0x080080c8   Section        0  printer.o(i.delayms)
    i.display_Dust                           0x080080e4   Section        0  main.o(i.display_Dust)
    i.display_Flow                           0x080083ac   Section        0  main.o(i.display_Flow)
    i.display_press                          0x080084c4   Section        0  main.o(i.display_press)
    i.display_time                           0x080085dc   Section        0  main.o(i.display_time)
    i.gui_draw_hline                         0x080086f4   Section        0  lcd.o(i.gui_draw_hline)
    i.gui_draw_vline                         0x08008718   Section        0  lcd.o(i.gui_draw_vline)
    i.gui_fill_circle                        0x0800873c   Section        0  lcd.o(i.gui_fill_circle)
    i.key_function                           0x080087ec   Section        0  main.o(i.key_function)
    i.lcd_draw_bline                         0x08008e9c   Section        0  lcd.o(i.lcd_draw_bline)
    i.main                                   0x08008f4c   Section        0  main.o(i.main)
    i.menu1                                  0x080090fc   Section        0  main.o(i.menu1)
    i.menu_FlowError                         0x0800984c   Section        0  main.o(i.menu_FlowError)
    i.menu_datacheck                         0x08009a7c   Section        0  main.o(i.menu_datacheck)
    i.menu_datacheck_key                     0x0800a058   Section        0  main.o(i.menu_datacheck_key)
    i.menu_help                              0x0800a54c   Section        0  main.o(i.menu_help)
    i.menu_password                          0x0800a9d0   Section        0  main.o(i.menu_password)
    i.menu_pressError                        0x0800ae00   Section        0  main.o(i.menu_pressError)
    i.menu_setkeyboard                       0x0800b03c   Section        0  main.o(i.menu_setkeyboard)
    i.menu_setting                           0x0800b8f0   Section        0  main.o(i.menu_setting)
    i.menu_setting_key                       0x0800bd3c   Section        0  main.o(i.menu_setting_key)
    i.menu_start                             0x0800c438   Section        0  main.o(i.menu_start)
    i.menu_start_keytest                     0x0800c5b0   Section        0  main.o(i.menu_start_keytest)
    i.menu_warning_keycheck                  0x0800c650   Section        0  main.o(i.menu_warning_keycheck)
    i.menu_warning_press                     0x0800c9dc   Section        0  main.o(i.menu_warning_press)
    i.pprint                                 0x0800cb40   Section        0  printer.o(i.pprint)
    i.speekers                               0x0800cbc8   Section        0  main.o(i.speekers)
    .constdata                               0x0800cbec   Section     3521  picture.o(.constdata)
    .constdata                               0x0800d9ad   Section       24  rtc.o(.constdata)
    .constdata                               0x0800d9c5   Section    29478  lcd.o(.constdata)
    .constdata                               0x08014cec   Section       10  ft5206.o(.constdata)
    .constdata                               0x08014cf6   Section      512  crc16.o(.constdata)
    .data                                    0x20000000   Section      140  main.o(.data)
    mdata                                    0x2000006c   Data           8  main.o(.data)
    flow_flag                                0x20000074   Data           1  main.o(.data)
    model_flag                               0x20000075   Data           1  main.o(.data)
    key_value                                0x20000076   Data           1  main.o(.data)
    set_numkey                               0x20000077   Data           1  main.o(.data)
    number                                   0x20000078   Data           2  main.o(.data)
    Test_num                                 0x2000007a   Data           1  main.o(.data)
    passwordcorrect                          0x2000007b   Data           1  main.o(.data)
    Stop_Flag                                0x2000007e   Data           1  main.o(.data)
    Error_Flag                               0x2000007f   Data           1  main.o(.data)
    Error_Num_Flow                           0x20000080   Data           1  main.o(.data)
    .data                                    0x2000008c   Section       12  stm32f10x_it.o(.data)
    .data                                    0x20000098   Section        2  rtc.o(.data)
    daycnt                                   0x20000098   Data           2  rtc.o(.data)
    .data                                    0x2000009a   Section        1  printer.o(.data)
    .data                                    0x2000009c   Section       14  lcd.o(.data)
    .data                                    0x200000ac   Section       33  ft5206.o(.data)
    t                                        0x200000cc   Data           1  ft5206.o(.data)
    .data                                    0x200000cd   Section        2  crc16.o(.data)
    .data                                    0x200000cf   Section       20  stm32f10x_rcc.o(.data)
    APBAHBPrescTable                         0x200000cf   Data          16  stm32f10x_rcc.o(.data)
    ADCPrescTable                            0x200000df   Data           4  stm32f10x_rcc.o(.data)
    .bss                                     0x200000e4   Section       36  main.o(.bss)
    .bss                                     0x20000108   Section     4096  flash.o(.bss)
    .bss                                     0x20001108   Section       10  rtc.o(.bss)
    .bss                                     0x20001112   Section       14  lcd.o(.bss)
    .bss                                     0x20001120   Section     1670  serial.o(.bss)
    STACK                                    0x200017a8   Section    12288  startup_stm32f10x_hd.o(STACK)

    Global Symbols

    Symbol Name                              Value     Ov Type        Size  Object(Section)

    BuildAttributes$$THM_ISAv4$P$D$K$B$S$PE$A:L22UL41UL21$X:L11$S22US41US21$IEEE1$IW$USESV6$~STKCKD$USESV7$~SHL$OTIME$ROPI$EBA8$MICROLIB$REQ8$PRES8$EABIv2 0x00000000   Number         0  anon$$obj.o ABSOLUTE
    __ARM_use_no_argv                        0x00000000   Number         0  main.o ABSOLUTE
    __use_no_errno                           0x00000000   Number         0  useno.o ABSOLUTE
    __use_no_exception_handling              0x00000000   Number         0  useno.o ABSOLUTE
    __use_no_fp                              0x00000000   Number         0  useno.o ABSOLUTE
    __use_no_heap                            0x00000000   Number         0  useno.o ABSOLUTE
    __use_no_heap_region                     0x00000000   Number         0  useno.o ABSOLUTE
    __use_no_semihosting                     0x00000000   Number         0  useno.o ABSOLUTE
    __use_no_semihosting_swi                 0x00000000   Number         0  useno.o ABSOLUTE
    __use_no_signal_handling                 0x00000000   Number         0  useno.o ABSOLUTE
    _printf_a                                0x00000000   Number         0  stubs.o ABSOLUTE
    _printf_c                                0x00000000   Number         0  stubs.o ABSOLUTE
    _printf_charcount                        0x00000000   Number         0  stubs.o ABSOLUTE
    _printf_d                                0x00000000   Number         0  stubs.o ABSOLUTE
    _printf_e                                0x00000000   Number         0  stubs.o ABSOLUTE
    _printf_f                                0x00000000   Number         0  stubs.o ABSOLUTE
    _printf_flags                            0x00000000   Number         0  stubs.o ABSOLUTE
    _printf_fp_dec                           0x00000000   Number         0  stubs.o ABSOLUTE
    _printf_fp_hex                           0x00000000   Number         0  stubs.o ABSOLUTE
    _printf_g                                0x00000000   Number         0  stubs.o ABSOLUTE
    _printf_i                                0x00000000   Number         0  stubs.o ABSOLUTE
    _printf_int_dec                          0x00000000   Number         0  stubs.o ABSOLUTE
    _printf_l                                0x00000000   Number         0  stubs.o ABSOLUTE
    _printf_lc                               0x00000000   Number         0  stubs.o ABSOLUTE
    _printf_ll                               0x00000000   Number         0  stubs.o ABSOLUTE
    _printf_lld                              0x00000000   Number         0  stubs.o ABSOLUTE
    _printf_lli                              0x00000000   Number         0  stubs.o ABSOLUTE
    _printf_llo                              0x00000000   Number         0  stubs.o ABSOLUTE
    _printf_llu                              0x00000000   Number         0  stubs.o ABSOLUTE
    _printf_llx                              0x00000000   Number         0  stubs.o ABSOLUTE
    _printf_longlong_dec                     0x00000000   Number         0  stubs.o ABSOLUTE
    _printf_longlong_hex                     0x00000000   Number         0  stubs.o ABSOLUTE
    _printf_longlong_oct                     0x00000000   Number         0  stubs.o ABSOLUTE
    _printf_ls                               0x00000000   Number         0  stubs.o ABSOLUTE
    _printf_mbtowc                           0x00000000   Number         0  stubs.o ABSOLUTE
    _printf_n                                0x00000000   Number         0  stubs.o ABSOLUTE
    _printf_o                                0x00000000   Number         0  stubs.o ABSOLUTE
    _printf_p                                0x00000000   Number         0  stubs.o ABSOLUTE
    _printf_percent                          0x00000000   Number         0  stubs.o ABSOLUTE
    _printf_pre_padding                      0x00000000   Number         0  stubs.o ABSOLUTE
    _printf_return_value                     0x00000000   Number         0  stubs.o ABSOLUTE
    _printf_s                                0x00000000   Number         0  stubs.o ABSOLUTE
    _printf_sizespec                         0x00000000   Number         0  stubs.o ABSOLUTE
    _printf_str                              0x00000000   Number         0  stubs.o ABSOLUTE
    _printf_truncate_signed                  0x00000000   Number         0  stubs.o ABSOLUTE
    _printf_truncate_unsigned                0x00000000   Number         0  stubs.o ABSOLUTE
    _printf_u                                0x00000000   Number         0  stubs.o ABSOLUTE
    _printf_wc                               0x00000000   Number         0  stubs.o ABSOLUTE
    _printf_wctomb                           0x00000000   Number         0  stubs.o ABSOLUTE
    _printf_widthprec                        0x00000000   Number         0  stubs.o ABSOLUTE
    _printf_x                                0x00000000   Number         0  stubs.o ABSOLUTE
    __cpp_initialize__aeabi_                  - Undefined Weak Reference
    __cxa_finalize                            - Undefined Weak Reference
    __decompress                              - Undefined Weak Reference
    _clock_init                               - Undefined Weak Reference
    _microlib_exit                            - Undefined Weak Reference
    __Vectors_Size                           0x00000130   Number         0  startup_stm32f10x_hd.o ABSOLUTE
    __Vectors                                0x08000000   Data           4  startup_stm32f10x_hd.o(RESET)
    __Vectors_End                            0x08000130   Data           0  startup_stm32f10x_hd.o(RESET)
    __main                                   0x08000131   Thumb Code     0  entry.o(.ARM.Collect$$$$00000000)
    _main_stk                                0x08000131   Thumb Code     0  entry2.o(.ARM.Collect$$$$00000001)
    _main_scatterload                        0x08000135   Thumb Code     0  entry5.o(.ARM.Collect$$$$00000004)
    __main_after_scatterload                 0x08000139   Thumb Code     0  entry5.o(.ARM.Collect$$$$00000004)
    _main_clock                              0x08000139   Thumb Code     0  entry7b.o(.ARM.Collect$$$$00000008)
    _main_cpp_init                           0x08000139   Thumb Code     0  entry8b.o(.ARM.Collect$$$$0000000A)
    _main_init                               0x08000139   Thumb Code     0  entry9a.o(.ARM.Collect$$$$0000000B)
    __rt_final_cpp                           0x08000141   Thumb Code     0  entry10a.o(.ARM.Collect$$$$0000000D)
    __rt_final_exit                          0x08000141   Thumb Code     0  entry11a.o(.ARM.Collect$$$$0000000F)
    Reset_Handler                            0x08000145   Thumb Code     8  startup_stm32f10x_hd.o(.text)
    ADC1_2_IRQHandler                        0x0800015f   Thumb Code     0  startup_stm32f10x_hd.o(.text)
    ADC3_IRQHandler                          0x0800015f   Thumb Code     0  startup_stm32f10x_hd.o(.text)
    CAN1_RX1_IRQHandler                      0x0800015f   Thumb Code     0  startup_stm32f10x_hd.o(.text)
    CAN1_SCE_IRQHandler                      0x0800015f   Thumb Code     0  startup_stm32f10x_hd.o(.text)
    DMA1_Channel1_IRQHandler                 0x0800015f   Thumb Code     0  startup_stm32f10x_hd.o(.text)
    DMA1_Channel2_IRQHandler                 0x0800015f   Thumb Code     0  startup_stm32f10x_hd.o(.text)
    DMA1_Channel3_IRQHandler                 0x0800015f   Thumb Code     0  startup_stm32f10x_hd.o(.text)
    DMA1_Channel4_IRQHandler                 0x0800015f   Thumb Code     0  startup_stm32f10x_hd.o(.text)
    DMA1_Channel5_IRQHandler                 0x0800015f   Thumb Code     0  startup_stm32f10x_hd.o(.text)
    DMA1_Channel6_IRQHandler                 0x0800015f   Thumb Code     0  startup_stm32f10x_hd.o(.text)
    DMA1_Channel7_IRQHandler                 0x0800015f   Thumb Code     0  startup_stm32f10x_hd.o(.text)
    DMA2_Channel1_IRQHandler                 0x0800015f   Thumb Code     0  startup_stm32f10x_hd.o(.text)
    DMA2_Channel2_IRQHandler                 0x0800015f   Thumb Code     0  startup_stm32f10x_hd.o(.text)
    DMA2_Channel3_IRQHandler                 0x0800015f   Thumb Code     0  startup_stm32f10x_hd.o(.text)
    DMA2_Channel4_5_IRQHandler               0x0800015f   Thumb Code     0  startup_stm32f10x_hd.o(.text)
    EXTI0_IRQHandler                         0x0800015f   Thumb Code     0  startup_stm32f10x_hd.o(.text)
    EXTI15_10_IRQHandler                     0x0800015f   Thumb Code     0  startup_stm32f10x_hd.o(.text)
    EXTI1_IRQHandler                         0x0800015f   Thumb Code     0  startup_stm32f10x_hd.o(.text)
    EXTI2_IRQHandler                         0x0800015f   Thumb Code     0  startup_stm32f10x_hd.o(.text)
    EXTI3_IRQHandler                         0x0800015f   Thumb Code     0  startup_stm32f10x_hd.o(.text)
    EXTI4_IRQHandler                         0x0800015f   Thumb Code     0  startup_stm32f10x_hd.o(.text)
    EXTI9_5_IRQHandler                       0x0800015f   Thumb Code     0  startup_stm32f10x_hd.o(.text)
    FLASH_IRQHandler                         0x0800015f   Thumb Code     0  startup_stm32f10x_hd.o(.text)
    FSMC_IRQHandler                          0x0800015f   Thumb Code     0  startup_stm32f10x_hd.o(.text)
    I2C1_ER_IRQHandler                       0x0800015f   Thumb Code     0  startup_stm32f10x_hd.o(.text)
    I2C1_EV_IRQHandler                       0x0800015f   Thumb Code     0  startup_stm32f10x_hd.o(.text)
    I2C2_ER_IRQHandler                       0x0800015f   Thumb Code     0  startup_stm32f10x_hd.o(.text)
    I2C2_EV_IRQHandler                       0x0800015f   Thumb Code     0  startup_stm32f10x_hd.o(.text)
    PVD_IRQHandler                           0x0800015f   Thumb Code     0  startup_stm32f10x_hd.o(.text)
    RCC_IRQHandler                           0x0800015f   Thumb Code     0  startup_stm32f10x_hd.o(.text)
    RTCAlarm_IRQHandler                      0x0800015f   Thumb Code     0  startup_stm32f10x_hd.o(.text)
    SDIO_IRQHandler                          0x0800015f   Thumb Code     0  startup_stm32f10x_hd.o(.text)
    SPI1_IRQHandler                          0x0800015f   Thumb Code     0  startup_stm32f10x_hd.o(.text)
    SPI2_IRQHandler                          0x0800015f   Thumb Code     0  startup_stm32f10x_hd.o(.text)
    SPI3_IRQHandler                          0x0800015f   Thumb Code     0  startup_stm32f10x_hd.o(.text)
    TAMPER_IRQHandler                        0x0800015f   Thumb Code     0  startup_stm32f10x_hd.o(.text)
    TIM1_BRK_IRQHandler                      0x0800015f   Thumb Code     0  startup_stm32f10x_hd.o(.text)
    TIM1_CC_IRQHandler                       0x0800015f   Thumb Code     0  startup_stm32f10x_hd.o(.text)
    TIM1_TRG_COM_IRQHandler                  0x0800015f   Thumb Code     0  startup_stm32f10x_hd.o(.text)
    TIM1_UP_IRQHandler                       0x0800015f   Thumb Code     0  startup_stm32f10x_hd.o(.text)
    TIM2_IRQHandler                          0x0800015f   Thumb Code     0  startup_stm32f10x_hd.o(.text)
    TIM3_IRQHandler                          0x0800015f   Thumb Code     0  startup_stm32f10x_hd.o(.text)
    TIM5_IRQHandler                          0x0800015f   Thumb Code     0  startup_stm32f10x_hd.o(.text)
    TIM6_IRQHandler                          0x0800015f   Thumb Code     0  startup_stm32f10x_hd.o(.text)
    TIM7_IRQHandler                          0x0800015f   Thumb Code     0  startup_stm32f10x_hd.o(.text)
    TIM8_BRK_IRQHandler                      0x0800015f   Thumb Code     0  startup_stm32f10x_hd.o(.text)
    TIM8_CC_IRQHandler                       0x0800015f   Thumb Code     0  startup_stm32f10x_hd.o(.text)
    TIM8_TRG_COM_IRQHandler                  0x0800015f   Thumb Code     0  startup_stm32f10x_hd.o(.text)
    TIM8_UP_IRQHandler                       0x0800015f   Thumb Code     0  startup_stm32f10x_hd.o(.text)
    UART4_IRQHandler                         0x0800015f   Thumb Code     0  startup_stm32f10x_hd.o(.text)
    UART5_IRQHandler                         0x0800015f   Thumb Code     0  startup_stm32f10x_hd.o(.text)
    USART1_IRQHandler                        0x0800015f   Thumb Code     0  startup_stm32f10x_hd.o(.text)
    USART3_IRQHandler                        0x0800015f   Thumb Code     0  startup_stm32f10x_hd.o(.text)
    USBWakeUp_IRQHandler                     0x0800015f   Thumb Code     0  startup_stm32f10x_hd.o(.text)
    USB_HP_CAN1_TX_IRQHandler                0x0800015f   Thumb Code     0  startup_stm32f10x_hd.o(.text)
    USB_LP_CAN1_RX0_IRQHandler               0x0800015f   Thumb Code     0  startup_stm32f10x_hd.o(.text)
    WWDG_IRQHandler                          0x0800015f   Thumb Code     0  startup_stm32f10x_hd.o(.text)
    __aeabi_fadd                             0x08000169   Thumb Code   164  fadd.o(.text)
    __aeabi_fsub                             0x0800020d   Thumb Code     6  fadd.o(.text)
    __aeabi_frsub                            0x08000213   Thumb Code     6  fadd.o(.text)
    __aeabi_fmul                             0x08000219   Thumb Code   108  fmul.o(.text)
    __aeabi_fdiv                             0x08000285   Thumb Code   128  fdiv.o(.text)
    __aeabi_dadd                             0x08000305   Thumb Code   322  dadd.o(.text)
    __aeabi_dsub                             0x08000447   Thumb Code     6  dadd.o(.text)
    __aeabi_drsub                            0x0800044d   Thumb Code     6  dadd.o(.text)
    __aeabi_dmul                             0x08000453   Thumb Code   228  dmul.o(.text)
    __aeabi_ddiv                             0x08000537   Thumb Code   222  ddiv.o(.text)
    __aeabi_i2f                              0x08000615   Thumb Code    18  fflti.o(.text)
    __aeabi_ui2f                             0x08000627   Thumb Code    10  ffltui.o(.text)
    __aeabi_ui2d                             0x08000631   Thumb Code    26  dfltui.o(.text)
    __aeabi_f2uiz                            0x0800064b   Thumb Code    40  ffixui.o(.text)
    __aeabi_d2uiz                            0x08000673   Thumb Code    50  dfixui.o(.text)
    __aeabi_f2d                              0x080006a5   Thumb Code    38  f2d.o(.text)
    __aeabi_cfcmpeq                          0x080006cd   Thumb Code     0  cfcmple.o(.text)
    __aeabi_cfcmple                          0x080006cd   Thumb Code    20  cfcmple.o(.text)
    __aeabi_cfrcmple                         0x080006e1   Thumb Code    20  cfrcmple.o(.text)
    __aeabi_uidiv                            0x080006f5   Thumb Code     0  uidiv.o(.text)
    __aeabi_uidivmod                         0x080006f5   Thumb Code    44  uidiv.o(.text)
    __aeabi_uldivmod                         0x08000721   Thumb Code    98  uldiv.o(.text)
    __aeabi_llsl                             0x08000783   Thumb Code    30  llshl.o(.text)
    _ll_shift_l                              0x08000783   Thumb Code     0  llshl.o(.text)
    __aeabi_llsr                             0x080007a1   Thumb Code    32  llushr.o(.text)
    _ll_ushift_r                             0x080007a1   Thumb Code     0  llushr.o(.text)
    __aeabi_lasr                             0x080007c1   Thumb Code    36  llsshr.o(.text)
    _ll_sshift_r                             0x080007c1   Thumb Code     0  llsshr.o(.text)
    __I$use$fp                               0x080007e5   Thumb Code     0  iusefp.o(.text)
    _float_round                             0x080007e5   Thumb Code    18  fepilogue.o(.text)
    _float_epilogue                          0x080007f7   Thumb Code    90  fepilogue.o(.text)
    _double_round                            0x08000851   Thumb Code    26  depilogue.o(.text)
    _double_epilogue                         0x0800086b   Thumb Code   164  depilogue.o(.text)
    __aeabi_d2ulz                            0x0800090f   Thumb Code    48  dfixul.o(.text)
    __aeabi_cdrcmple                         0x08000941   Thumb Code    38  cdrcmple.o(.text)
    __scatterload                            0x08000969   Thumb Code    28  init.o(.text)
    __scatterload_rt2                        0x08000969   Thumb Code     0  init.o(.text)
    AD_Calibration_menu                      0x0800098d   Thumb Code  2056  main.o(i.AD_Calibration_menu)
    AT24CXX_Check                            0x080011e5   Thumb Code    46  24cxx.o(i.AT24CXX_Check)
    AT24CXX_Init                             0x08001213   Thumb Code     8  24cxx.o(i.AT24CXX_Init)
    AT24CXX_Read                             0x0800121b   Thumb Code    34  24cxx.o(i.AT24CXX_Read)
    AT24CXX_ReadOneByte                      0x0800123d   Thumb Code    88  24cxx.o(i.AT24CXX_ReadOneByte)
    AT24CXX_Write                            0x08001295   Thumb Code    36  24cxx.o(i.AT24CXX_Write)
    AT24CXX_WriteOneByte                     0x080012b9   Thumb Code    80  24cxx.o(i.AT24CXX_WriteOneByte)
    Adc_Init                                 0x08001309   Thumb Code   322  setup.o(i.Adc_Init)
    AnJianPressed                            0x08001461   Thumb Code  1214  lcd.o(i.AnJianPressed)
    BKP_DeInit                               0x08001925   Thumb Code    16  stm32f10x_bkp.o(i.BKP_DeInit)
    BKP_ReadBackupRegister                   0x08001935   Thumb Code    24  stm32f10x_bkp.o(i.BKP_ReadBackupRegister)
    BKP_WriteBackupRegister                  0x08001951   Thumb Code    22  stm32f10x_bkp.o(i.BKP_WriteBackupRegister)
    BusFault_Handler                         0x0800196d   Thumb Code     4  stm32f10x_it.o(i.BusFault_Handler)
    CT_IIC_Ack                               0x08001971   Thumb Code    76  ctiic.o(i.CT_IIC_Ack)
    CT_IIC_Init                              0x080019cd   Thumb Code    72  ctiic.o(i.CT_IIC_Init)
    CT_IIC_NAck                              0x08001a1d   Thumb Code    76  ctiic.o(i.CT_IIC_NAck)
    CT_IIC_Read_Byte                         0x08001a79   Thumb Code    98  ctiic.o(i.CT_IIC_Read_Byte)
    CT_IIC_Send_Byte                         0x08001aed   Thumb Code   100  ctiic.o(i.CT_IIC_Send_Byte)
    CT_IIC_Start                             0x08001b61   Thumb Code    68  ctiic.o(i.CT_IIC_Start)
    CT_IIC_Stop                              0x08001bb1   Thumb Code    60  ctiic.o(i.CT_IIC_Stop)
    CT_IIC_Wait_Ack                          0x08001bfd   Thumb Code    86  ctiic.o(i.CT_IIC_Wait_Ack)
    Cal_CRC                                  0x08001c69   Thumb Code    50  crc16.o(i.Cal_CRC)
    Calibration_menu                         0x08001cad   Thumb Code   612  main.o(i.Calibration_menu)
    DataProcess                              0x08001f7d   Thumb Code   876  serial.o(i.DataProcess)
    Data_Fullmenu                            0x08002359   Thumb Code   286  main.o(i.Data_Fullmenu)
    DebugMon_Handler                         0x080024b1   Thumb Code     2  stm32f10x_it.o(i.DebugMon_Handler)
    Erase_Waring                             0x080024b5   Thumb Code   490  main.o(i.Erase_Waring)
    FSMC_NORSRAMCmd                          0x080026ed   Thumb Code    46  stm32f10x_fsmc.o(i.FSMC_NORSRAMCmd)
    FSMC_NORSRAMInit                         0x08002721   Thumb Code   224  stm32f10x_fsmc.o(i.FSMC_NORSRAMInit)
    FT5206_Init                              0x08002801   Thumb Code   236  ft5206.o(i.FT5206_Init)
    FT5206_RD_Reg                            0x08002901   Thumb Code    88  ft5206.o(i.FT5206_RD_Reg)
    FT5206_Scan                              0x08002959   Thumb Code   312  ft5206.o(i.FT5206_Scan)
    FT5206_WR_Reg                            0x08002a9d   Thumb Code    82  ft5206.o(i.FT5206_WR_Reg)
    GPIO_Configuration                       0x08002af1   Thumb Code    76  setup.o(i.GPIO_Configuration)
    GPIO_Init                                0x08002b45   Thumb Code   274  stm32f10x_gpio.o(i.GPIO_Init)
    GPIO_ResetBits                           0x08002c57   Thumb Code     4  stm32f10x_gpio.o(i.GPIO_ResetBits)
    GPIO_SetBits                             0x08002c5b   Thumb Code     4  stm32f10x_gpio.o(i.GPIO_SetBits)
    GUI_LoadLine                             0x08002c61   Thumb Code   120  lcd.o(i.GUI_LoadLine)
    GUI_LoadPic                              0x08002ce5   Thumb Code    56  lcd.o(i.GUI_LoadPic)
    GUI_Point                                0x08002d1d   Thumb Code    26  lcd.o(i.GUI_Point)
    GUI_SetColor                             0x08002d3d   Thumb Code    10  lcd.o(i.GUI_SetColor)
    Get_Adc                                  0x08002d51   Thumb Code    62  setup.o(i.Get_Adc)
    Get_Adc_Average                          0x08002d95   Thumb Code    42  setup.o(i.Get_Adc_Average)
    HardFault_Handler                        0x08002dbf   Thumb Code     4  stm32f10x_it.o(i.HardFault_Handler)
    IIC_Ack                                  0x08002dc5   Thumb Code    68  myiic.o(i.IIC_Ack)
    IIC_Init                                 0x08002e15   Thumb Code    52  myiic.o(i.IIC_Init)
    IIC_NAck                                 0x08002e51   Thumb Code    64  myiic.o(i.IIC_NAck)
    IIC_Read_Byte                            0x08002e9d   Thumb Code    98  myiic.o(i.IIC_Read_Byte)
    IIC_Send_Byte                            0x08002f11   Thumb Code   102  myiic.o(i.IIC_Send_Byte)
    IIC_Start                                0x08002f89   Thumb Code    64  myiic.o(i.IIC_Start)
    IIC_Stop                                 0x08002fd5   Thumb Code    62  myiic.o(i.IIC_Stop)
    IIC_Wait_Ack                             0x08003021   Thumb Code    82  myiic.o(i.IIC_Wait_Ack)
    InitHardware                             0x08003089   Thumb Code    32  setup.o(i.InitHardware)
    Is_Leap_Year                             0x080030a9   Thumb Code    58  rtc.o(i.Is_Leap_Year)
    JianPan_Displayfu                        0x080030e5   Thumb Code   960  main.o(i.JianPan_Displayfu)
    LCD_BackLightSet                         0x0800355d   Thumb Code    80  lcd.o(i.LCD_BackLightSet)
    LCD_Clear                                0x080035b1   Thumb Code    36  lcd.o(i.LCD_Clear)
    LCD_CtrlLinesConfig                      0x080035dd   Thumb Code   206  setup.o(i.LCD_CtrlLinesConfig)
    LCD_Display_Dir                          0x080036c9   Thumb Code    76  lcd.o(i.LCD_Display_Dir)
    LCD_DrawLine                             0x08003719   Thumb Code   176  lcd.o(i.LCD_DrawLine)
    LCD_DrawPoint                            0x080037c9   Thumb Code    28  lcd.o(i.LCD_DrawPoint)
    LCD_DrawRectangle                        0x080037ed   Thumb Code    60  lcd.o(i.LCD_DrawRectangle)
    LCD_FSMCConfig                           0x08003829   Thumb Code   110  setup.o(i.LCD_FSMCConfig)
    LCD_Fill                                 0x08003899   Thumb Code    80  lcd.o(i.LCD_Fill)
    LCD_Init                                 0x080038ed   Thumb Code   490  lcd.o(i.LCD_Init)
    LCD_Pow                                  0x08003add   Thumb Code    22  lcd.o(i.LCD_Pow)
    LCD_RD_DATA                              0x08003af5   Thumb Code     6  lcd.o(i.LCD_RD_DATA)
    LCD_Scan_Dir                             0x08003b01   Thumb Code   276  lcd.o(i.LCD_Scan_Dir)
    LCD_SetCursor                            0x08003c19   Thumb Code   150  lcd.o(i.LCD_SetCursor)
    LCD_ShowChar                             0x08003cb5   Thumb Code   416  lcd.o(i.LCD_ShowChar)
    LCD_ShowNum                              0x08003e6d   Thumb Code   148  lcd.o(i.LCD_ShowNum)
    LCD_ShowString                           0x08003f01   Thumb Code   102  lcd.o(i.LCD_ShowString)
    LCD_ShowxNum                             0x08003f67   Thumb Code   190  lcd.o(i.LCD_ShowxNum)
    LCD_WR_DATA                              0x08004025   Thumb Code     6  lcd.o(i.LCD_WR_DATA)
    LCD_WR_REG                               0x08004031   Thumb Code     6  lcd.o(i.LCD_WR_REG)
    LCD_WriteRAM_Prepare                     0x0800403d   Thumb Code    10  lcd.o(i.LCD_WriteRAM_Prepare)
    LCD_WriteReg                             0x08004051   Thumb Code    10  lcd.o(i.LCD_WriteReg)
    Loosen_Lcd                               0x08004061   Thumb Code    34  ft5206.o(i.Loosen_Lcd)
    MY_NVIC_Init                             0x08004089   Thumb Code   114  setup.o(i.MY_NVIC_Init)
    MY_NVIC_PriorityGroupConfig              0x08004109   Thumb Code    32  setup.o(i.MY_NVIC_PriorityGroupConfig)
    MemManage_Handler                        0x08004131   Thumb Code     4  stm32f10x_it.o(i.MemManage_Handler)
    NMI_Handler                              0x08004135   Thumb Code     2  stm32f10x_it.o(i.NMI_Handler)
    NVIC_Init                                0x08004139   Thumb Code   102  misc.o(i.NVIC_Init)
    No_LoadTest_orclearMenu                  0x080041ad   Thumb Code  1300  main.o(i.No_LoadTest_orclearMenu)
    PWR_BackupAccessCmd                      0x080046c5   Thumb Code     6  stm32f10x_pwr.o(i.PWR_BackupAccessCmd)
    P_WriteData                              0x080046d1   Thumb Code    76  printer.o(i.P_WriteData)
    PendSV_Handler                           0x0800472d   Thumb Code     2  stm32f10x_it.o(i.PendSV_Handler)
    PrintReport                              0x08004731   Thumb Code  1338  main.o(i.PrintReport)
    PrintStr                                 0x08004c6b   Thumb Code    28  printer.o(i.PrintStr)
    PrintStrNnum                             0x08004c87   Thumb Code    38  printer.o(i.PrintStrNnum)
    Printer_Init                             0x08004cad   Thumb Code   142  printer.o(i.Printer_Init)
    Put_AnJian                               0x08004d49   Thumb Code  1214  lcd.o(i.Put_AnJian)
    RCC_AHBPeriphClockCmd                    0x0800520d   Thumb Code    26  stm32f10x_rcc.o(i.RCC_AHBPeriphClockCmd)
    RCC_APB1PeriphClockCmd                   0x0800522d   Thumb Code    26  stm32f10x_rcc.o(i.RCC_APB1PeriphClockCmd)
    RCC_APB2PeriphClockCmd                   0x0800524d   Thumb Code    26  stm32f10x_rcc.o(i.RCC_APB2PeriphClockCmd)
    RCC_BackupResetCmd                       0x0800526d   Thumb Code     6  stm32f10x_rcc.o(i.RCC_BackupResetCmd)
    RCC_Configuration                        0x08005279   Thumb Code    40  setup.o(i.RCC_Configuration)
    RCC_GetClocksFreq                        0x080052a1   Thumb Code   192  stm32f10x_rcc.o(i.RCC_GetClocksFreq)
    RCC_GetFlagStatus                        0x08005375   Thumb Code    56  stm32f10x_rcc.o(i.RCC_GetFlagStatus)
    RCC_LSEConfig                            0x080053b1   Thumb Code    44  stm32f10x_rcc.o(i.RCC_LSEConfig)
    RCC_RTCCLKCmd                            0x080053e5   Thumb Code     6  stm32f10x_rcc.o(i.RCC_RTCCLKCmd)
    RCC_RTCCLKConfig                         0x080053f1   Thumb Code    12  stm32f10x_rcc.o(i.RCC_RTCCLKConfig)
    RTC_EnterConfigMode                      0x08005401   Thumb Code    14  stm32f10x_rtc.o(i.RTC_EnterConfigMode)
    RTC_ExitConfigMode                       0x08005415   Thumb Code    16  stm32f10x_rtc.o(i.RTC_ExitConfigMode)
    RTC_Get                                  0x08005429   Thumb Code   242  rtc.o(i.RTC_Get)
    RTC_Get_Week                             0x08005531   Thumb Code   114  rtc.o(i.RTC_Get_Week)
    RTC_IRQHandler                           0x080055a9   Thumb Code    66  rtc.o(i.RTC_IRQHandler)
    RTC_ITConfig                             0x080055f1   Thumb Code    26  stm32f10x_rtc.o(i.RTC_ITConfig)
    RTC_Init                                 0x08005611   Thumb Code   200  rtc.o(i.RTC_Init)
    RTC_Set                                  0x080056d9   Thumb Code   244  rtc.o(i.RTC_Set)
    RTC_SetPrescaler                         0x080057e9   Thumb Code    26  stm32f10x_rtc.o(i.RTC_SetPrescaler)
    RTC_WaitForLastTask                      0x08005809   Thumb Code    14  stm32f10x_rtc.o(i.RTC_WaitForLastTask)
    RTC_WaitForSynchro                       0x0800581d   Thumb Code    28  stm32f10x_rtc.o(i.RTC_WaitForSynchro)
    ReceiveByte_USART2                       0x0800583d   Thumb Code    70  serial.o(i.ReceiveByte_USART2)
    SPI1_Init                                0x08005891   Thumb Code   182  spi.o(i.SPI1_Init)
    SPI1_ReadWriteByte                       0x08005959   Thumb Code    66  spi.o(i.SPI1_ReadWriteByte)
    SPI2_Init                                0x080059a1   Thumb Code   124  spi.o(i.SPI2_Init)
    SPI2_ReadWriteByte                       0x08005a25   Thumb Code    78  spi.o(i.SPI2_ReadWriteByte)
    SPI2_SetSpeed                            0x08005a79   Thumb Code    36  spi.o(i.SPI2_SetSpeed)
    SPI_AD8341_Init                          0x08005aa1   Thumb Code    48  ads8341.o(i.SPI_AD8341_Init)
    SPI_Cmd                                  0x08005ad5   Thumb Code    24  stm32f10x_spi.o(i.SPI_Cmd)
    SPI_FLASH_Write_Enable                   0x08005aed   Thumb Code    26  flash.o(i.SPI_FLASH_Write_Enable)
    SPI_Flash_Erase_Sector                   0x08005b11   Thumb Code    64  flash.o(i.SPI_Flash_Erase_Sector)
    SPI_Flash_Init                           0x08005b59   Thumb Code    52  flash.o(i.SPI_Flash_Init)
    SPI_Flash_Read                           0x08005b91   Thumb Code    80  flash.o(i.SPI_Flash_Read)
    SPI_Flash_ReadSR                         0x08005be5   Thumb Code    38  flash.o(i.SPI_Flash_ReadSR)
    SPI_Flash_Wait_Busy                      0x08005c15   Thumb Code    16  flash.o(i.SPI_Flash_Wait_Busy)
    SPI_Flash_Write                          0x08005c25   Thumb Code   176  flash.o(i.SPI_Flash_Write)
    SPI_Flash_Write_NoCheck                  0x08005cd9   Thumb Code    70  flash.o(i.SPI_Flash_Write_NoCheck)
    SPI_Flash_Write_Page                     0x08005d21   Thumb Code    82  flash.o(i.SPI_Flash_Write_Page)
    SPI_I2S_GetFlagStatus                    0x08005d79   Thumb Code    18  stm32f10x_spi.o(i.SPI_I2S_GetFlagStatus)
    SPI_I2S_ReceiveData                      0x08005d8b   Thumb Code     6  stm32f10x_spi.o(i.SPI_I2S_ReceiveData)
    SPI_I2S_SendData                         0x08005d91   Thumb Code     4  stm32f10x_spi.o(i.SPI_I2S_SendData)
    SPI_Init                                 0x08005d95   Thumb Code    60  stm32f10x_spi.o(i.SPI_Init)
    SVC_Handler                              0x08005dd1   Thumb Code     2  stm32f10x_it.o(i.SVC_Handler)
    ScanKeyBoard                             0x08005dd5   Thumb Code   980  main.o(i.ScanKeyBoard)
    SendByte_USART2                          0x080061b1   Thumb Code    88  serial.o(i.SendByte_USART2)
    SendFirstByte_USART2                     0x08006211   Thumb Code    40  serial.o(i.SendFirstByte_USART2)
    Sendout_uart1_CLJ260                     0x08006241   Thumb Code   212  serial.o(i.Sendout_uart1_CLJ260)
    Sendout_uart1_Flowmeter                  0x08006325   Thumb Code   110  serial.o(i.Sendout_uart1_Flowmeter)
    Show_Excel                               0x08006489   Thumb Code   628  main.o(i.Show_Excel)
    Show_GB16                                0x0800678d   Thumb Code   358  lcd.o(i.Show_GB16)
    Show_GB24                                0x08006901   Thumb Code   378  lcd.o(i.Show_GB24)
    Show_GB32                                0x08006a89   Thumb Code   360  lcd.o(i.Show_GB32)
    Show_Str                                 0x08006bfd   Thumb Code   242  lcd.o(i.Show_Str)
    SysTick_Handler                          0x08006cef   Thumb Code     2  stm32f10x_it.o(i.SysTick_Handler)
    SystemInit                               0x08006cf1   Thumb Code    78  system_stm32f10x.o(i.SystemInit)
    TIM4_IRQHandler                          0x08006d51   Thumb Code   198  stm32f10x_it.o(i.TIM4_IRQHandler)
    TIM4_Int_Init                            0x08006e39   Thumb Code    92  setup.o(i.TIM4_Int_Init)
    TIM_ClearITPendingBit                    0x08006e9d   Thumb Code     6  stm32f10x_tim.o(i.TIM_ClearITPendingBit)
    TIM_Cmd                                  0x08006ea3   Thumb Code    24  stm32f10x_tim.o(i.TIM_Cmd)
    TIM_GetITStatus                          0x08006ebb   Thumb Code    34  stm32f10x_tim.o(i.TIM_GetITStatus)
    TIM_ITConfig                             0x08006edd   Thumb Code    18  stm32f10x_tim.o(i.TIM_ITConfig)
    TIM_TimeBaseInit                         0x08006ef1   Thumb Code   122  stm32f10x_tim.o(i.TIM_TimeBaseInit)
    Test_DataSave                            0x08006f95   Thumb Code   328  main.o(i.Test_DataSave)
    Test_Function                            0x08007119   Thumb Code   346  main.o(i.Test_Function)
    USART2_IRQHandler                        0x080072bd   Thumb Code    56  stm32f10x_it.o(i.USART2_IRQHandler)
    USART2_Rece                              0x080072f9   Thumb Code    60  serial.o(i.USART2_Rece)
    USART2_Send                              0x0800733d   Thumb Code    44  serial.o(i.USART2_Send)
    USART_ClearITPendingBit                  0x0800736d   Thumb Code    30  stm32f10x_usart.o(i.USART_ClearITPendingBit)
    USART_Cmd                                0x0800738b   Thumb Code    24  stm32f10x_usart.o(i.USART_Cmd)
    USART_Com                                0x080073a3   Thumb Code    12  serial.o(i.USART_Com)
    USART_Configuration                      0x080073b1   Thumb Code   138  setup.o(i.USART_Configuration)
    USART_GetITStatus                        0x08007445   Thumb Code    84  stm32f10x_usart.o(i.USART_GetITStatus)
    USART_ITConfig                           0x08007499   Thumb Code    74  stm32f10x_usart.o(i.USART_ITConfig)
    USART_Init                               0x080074e5   Thumb Code   210  stm32f10x_usart.o(i.USART_Init)
    USART_ReceiveData                        0x080075bd   Thumb Code    10  stm32f10x_usart.o(i.USART_ReceiveData)
    USART_SendData                           0x080075c7   Thumb Code     8  stm32f10x_usart.o(i.USART_SendData)
    UsageFault_Handler                       0x080075cf   Thumb Code     4  stm32f10x_it.o(i.UsageFault_Handler)
    ZD_Port                                  0x080075d5   Thumb Code   404  serial.o(i.ZD_Port)
    __0sprintf                               0x08007785   Thumb Code    34  printfa.o(i.__0sprintf)
    __1sprintf                               0x08007785   Thumb Code     0  printfa.o(i.__0sprintf)
    __2sprintf                               0x08007785   Thumb Code     0  printfa.o(i.__0sprintf)
    __c89sprintf                             0x08007785   Thumb Code     0  printfa.o(i.__0sprintf)
    sprintf                                  0x08007785   Thumb Code     0  printfa.o(i.__0sprintf)
    __scatterload_copy                       0x080077ad   Thumb Code    14  handlers.o(i.__scatterload_copy)
    __scatterload_null                       0x080077bb   Thumb Code     2  handlers.o(i.__scatterload_null)
    __scatterload_zeroinit                   0x080077bd   Thumb Code    14  handlers.o(i.__scatterload_zeroinit)
    delay1ms                                 0x08008079   Thumb Code    30  24cxx.o(i.delay1ms)
    delay_ms                                 0x08008097   Thumb Code    26  setup.o(i.delay_ms)
    delay_us                                 0x080080b1   Thumb Code    24  setup.o(i.delay_us)
    delayms                                  0x080080c9   Thumb Code    28  printer.o(i.delayms)
    display_Dust                             0x080080e5   Thumb Code   626  main.o(i.display_Dust)
    display_Flow                             0x080083ad   Thumb Code   238  main.o(i.display_Flow)
    display_press                            0x080084c5   Thumb Code   248  main.o(i.display_press)
    display_time                             0x080085dd   Thumb Code   256  main.o(i.display_time)
    gui_draw_hline                           0x080086f5   Thumb Code    36  lcd.o(i.gui_draw_hline)
    gui_draw_vline                           0x08008719   Thumb Code    36  lcd.o(i.gui_draw_vline)
    gui_fill_circle                          0x0800873d   Thumb Code   176  lcd.o(i.gui_fill_circle)
    key_function                             0x080087ed   Thumb Code  1662  main.o(i.key_function)
    lcd_draw_bline                           0x08008e9d   Thumb Code   174  lcd.o(i.lcd_draw_bline)
    main                                     0x08008f4d   Thumb Code   356  main.o(i.main)
    menu1                                    0x080090fd   Thumb Code  1764  main.o(i.menu1)
    menu_FlowError                           0x0800984d   Thumb Code   446  main.o(i.menu_FlowError)
    menu_datacheck                           0x08009a7d   Thumb Code  1486  main.o(i.menu_datacheck)
    menu_datacheck_key                       0x0800a059   Thumb Code  1256  main.o(i.menu_datacheck_key)
    menu_help                                0x0800a54d   Thumb Code   968  main.o(i.menu_help)
    menu_password                            0x0800a9d1   Thumb Code   998  main.o(i.menu_password)
    menu_pressError                          0x0800ae01   Thumb Code   456  main.o(i.menu_pressError)
    menu_setkeyboard                         0x0800b03d   Thumb Code  2210  main.o(i.menu_setkeyboard)
    menu_setting                             0x0800b8f1   Thumb Code   934  main.o(i.menu_setting)
    menu_setting_key                         0x0800bd3d   Thumb Code  1726  main.o(i.menu_setting_key)
    menu_start                               0x0800c439   Thumb Code   220  main.o(i.menu_start)
    menu_start_keytest                       0x0800c5b1   Thumb Code   150  main.o(i.menu_start_keytest)
    menu_warning_keycheck                    0x0800c651   Thumb Code   676  main.o(i.menu_warning_keycheck)
    menu_warning_press                       0x0800c9dd   Thumb Code   290  main.o(i.menu_warning_press)
    pprint                                   0x0800cb41   Thumb Code   110  printer.o(i.pprint)
    speekers                                 0x0800cbc9   Thumb Code    32  main.o(i.speekers)
    gImage_logo                              0x0800cbec   Data        1705  picture.o(.constdata)
    gImage_off                               0x0800d295   Data         258  picture.o(.constdata)
    gImage_on                                0x0800d397   Data         258  picture.o(.constdata)
    gImage_gl_logo                           0x0800d499   Data        1300  picture.o(.constdata)
    table_week                               0x0800d9ad   Data          12  rtc.o(.constdata)
    mon_table                                0x0800d9b9   Data          12  rtc.o(.constdata)
    codeGB_16                                0x0800d9c5   Data        1292  lcd.o(.constdata)
    codeGB_24                                0x0800ded1   Data       10138  lcd.o(.constdata)
    asc2_1608                                0x0801066b   Data        1520  lcd.o(.constdata)
    asc2_2412                                0x08010c5b   Data        3420  lcd.o(.constdata)
    asc2_3216                                0x080119b7   Data        6080  lcd.o(.constdata)
    codeGB_32                                0x08013177   Data        7020  lcd.o(.constdata)
    DCB2HEX_TAB                              0x08014ce3   Data           8  lcd.o(.constdata)
    FT5206_TPX_TBL                           0x08014cec   Data          10  ft5206.o(.constdata)
    auchCRCHi                                0x08014cf6   Data         256  crc16.o(.constdata)
    auchCRCLo                                0x08014df6   Data         256  crc16.o(.constdata)
    Region$$Table$$Base                      0x08014ef8   Number         0  anon$$obj.o(Region$$Table)
    Region$$Table$$Limit                     0x08014f18   Number         0  anon$$obj.o(Region$$Table)
    CLJ_R260_UpAddr                          0x20000000   Data           1  main.o(.data)
    CLJ_R260_DownAddr                        0x20000001   Data           1  main.o(.data)
    Flow_meter                               0x20000002   Data           1  main.o(.data)
    Flow_set                                 0x20000003   Data           1  main.o(.data)
    start_testflag                           0x20000004   Data           1  main.o(.data)
    No_Loadorclear_Flag                      0x20000005   Data           1  main.o(.data)
    RTC_250MS                                0x20000006   Data           1  main.o(.data)
    RTC_500MS                                0x20000007   Data           1  main.o(.data)
    RTC_12000MS                              0x20000008   Data           1  main.o(.data)
    RTC_13000MS                              0x20000009   Data           1  main.o(.data)
    RTC_2500MS                               0x2000000a   Data           1  main.o(.data)
    CLJ_START                                0x2000000b   Data           1  main.o(.data)
    CLJ_close                                0x2000000c   Data           1  main.o(.data)
    Data_Back                                0x2000000d   Data           1  main.o(.data)
    AD1value                                 0x2000000e   Data           2  main.o(.data)
    AD2value                                 0x20000010   Data           2  main.o(.data)
    biaoding1                                0x20000012   Data           2  main.o(.data)
    biaoding2                                0x20000014   Data           2  main.o(.data)
    press_zeroAD                             0x20000016   Data           2  main.o(.data)
    Test_succesflag                          0x20000018   Data           1  main.o(.data)
    press                                    0x2000001a   Data           2  main.o(.data)
    Flow                                     0x2000001c   Data           4  main.o(.data)
    Data_checkNum                            0x20000020   Data           1  main.o(.data)
    Press_Flag                               0x20000021   Data           1  main.o(.data)
    Data_Time_down                           0x20000022   Data           1  main.o(.data)
    Dust_03_Up                               0x20000024   Data           4  main.o(.data)
    Dust_05_Up                               0x20000028   Data           4  main.o(.data)
    Dust_1_Up                                0x2000002c   Data           4  main.o(.data)
    Dust_3_Up                                0x20000030   Data           4  main.o(.data)
    Dust_5_Up                                0x20000034   Data           4  main.o(.data)
    Dust_10_Up                               0x20000038   Data           4  main.o(.data)
    Dust_03_Down                             0x2000003c   Data           4  main.o(.data)
    Dust_05_Down                             0x20000040   Data           4  main.o(.data)
    Dust_1_Down                              0x20000044   Data           4  main.o(.data)
    Dust_3_Down                              0x20000048   Data           4  main.o(.data)
    Dust_5_Down                              0x2000004c   Data           4  main.o(.data)
    Dust_10_Down                             0x20000050   Data           4  main.o(.data)
    Efficiency_03                            0x20000054   Data           4  main.o(.data)
    Efficiency_05                            0x20000058   Data           4  main.o(.data)
    Efficiency_1                             0x2000005c   Data           4  main.o(.data)
    Efficiency_3                             0x20000060   Data           4  main.o(.data)
    Efficiency_5                             0x20000064   Data           4  main.o(.data)
    Efficiency_10                            0x20000068   Data           4  main.o(.data)
    Test_over                                0x2000007c   Data           1  main.o(.data)
    No_Load                                  0x2000007d   Data           1  main.o(.data)
    pressAD_kint                             0x20000082   Data           2  main.o(.data)
    pressAD_kfloat                           0x20000084   Data           2  main.o(.data)
    pressAD_cint                             0x20000086   Data           2  main.o(.data)
    pressAD_cfloat                           0x20000088   Data           2  main.o(.data)
    pressADvalue                             0x2000008a   Data           2  main.o(.data)
    OS_TimeMS                                0x2000008c   Data           2  stm32f10x_it.o(.data)
    press_k                                  0x20000090   Data           4  stm32f10x_it.o(.data)
    press_c                                  0x20000094   Data           4  stm32f10x_it.o(.data)
    GU8_PrintFinishIcon                      0x2000009a   Data           1  printer.o(.data)
    POINT_COLOR                              0x2000009c   Data           2  lcd.o(.data)
    BACK_COLOR                               0x2000009e   Data           2  lcd.o(.data)
    GU16_key_color                           0x200000a0   Data           2  lcd.o(.data)
    GU16_bordercolor_light                   0x200000a2   Data           2  lcd.o(.data)
    GU16_bordercolor_dark                    0x200000a4   Data           2  lcd.o(.data)
    disp_color                               0x200000a6   Data           2  lcd.o(.data)
    back_color                               0x200000a8   Data           2  lcd.o(.data)
    ctp_dev                                  0x200000ac   Data          32  ft5206.o(.data)
    CRCHigh                                  0x200000cd   Data           1  crc16.o(.data)
    CRCLow                                   0x200000ce   Data           1  crc16.o(.data)
    Press_DataSave                           0x200000e4   Data          10  main.o(.bss)
    Dust                                     0x200000ee   Data          26  main.o(.bss)
    SPI_FLASH_BUF                            0x20000108   Data        4096  flash.o(.bss)
    calendar                                 0x20001108   Data          10  rtc.o(.bss)
    lcddev                                   0x20001112   Data          14  lcd.o(.bss)
    U2DS                                     0x20001120   Data          20  serial.o(.bss)
    AllBuf                                   0x20001134   Data        1650  serial.o(.bss)
    __initial_sp                             0x200047a8   Data           0  startup_stm32f10x_hd.o(STACK)



==============================================================================

Memory Map of the image

  Image Entry point : 0x08000131

  Load Region LR_IROM1 (Base: 0x08000000, Size: 0x00014ffc, Max: 0x00080000, ABSOLUTE)

    Execution Region ER_IROM1 (Base: 0x08000000, Size: 0x00014f18, Max: 0x00080000, ABSOLUTE)

    Base Addr    Size         Type   Attr      Idx    E Section Name        Object

    0x08000000   0x00000130   Data   RO         3374    RESET               startup_stm32f10x_hd.o
    0x08000130   0x00000000   Code   RO         3379  * .ARM.Collect$$$$00000000  mc_w.l(entry.o)
    0x08000130   0x00000004   Code   RO         3675    .ARM.Collect$$$$00000001  mc_w.l(entry2.o)
    0x08000134   0x00000004   Code   RO         3678    .ARM.Collect$$$$00000004  mc_w.l(entry5.o)
    0x08000138   0x00000000   Code   RO         3680    .ARM.Collect$$$$00000008  mc_w.l(entry7b.o)
    0x08000138   0x00000000   Code   RO         3682    .ARM.Collect$$$$0000000A  mc_w.l(entry8b.o)
    0x08000138   0x00000008   Code   RO         3683    .ARM.Collect$$$$0000000B  mc_w.l(entry9a.o)
    0x08000140   0x00000000   Code   RO         3685    .ARM.Collect$$$$0000000D  mc_w.l(entry10a.o)
    0x08000140   0x00000000   Code   RO         3687    .ARM.Collect$$$$0000000F  mc_w.l(entry11a.o)
    0x08000140   0x00000004   Code   RO         3676    .ARM.Collect$$$$00002712  mc_w.l(entry2.o)
    0x08000144   0x00000024   Code   RO         3375    .text               startup_stm32f10x_hd.o
    0x08000168   0x000000b0   Code   RO         3645    .text               mf_w.l(fadd.o)
    0x08000218   0x0000006c   Code   RO         3647    .text               mf_w.l(fmul.o)
    0x08000284   0x00000080   Code   RO         3649    .text               mf_w.l(fdiv.o)
    0x08000304   0x0000014e   Code   RO         3651    .text               mf_w.l(dadd.o)
    0x08000452   0x000000e4   Code   RO         3653    .text               mf_w.l(dmul.o)
    0x08000536   0x000000de   Code   RO         3655    .text               mf_w.l(ddiv.o)
    0x08000614   0x00000012   Code   RO         3657    .text               mf_w.l(fflti.o)
    0x08000626   0x0000000a   Code   RO         3659    .text               mf_w.l(ffltui.o)
    0x08000630   0x0000001a   Code   RO         3661    .text               mf_w.l(dfltui.o)
    0x0800064a   0x00000028   Code   RO         3663    .text               mf_w.l(ffixui.o)
    0x08000672   0x00000032   Code   RO         3665    .text               mf_w.l(dfixui.o)
    0x080006a4   0x00000026   Code   RO         3667    .text               mf_w.l(f2d.o)
    0x080006ca   0x00000002   PAD
    0x080006cc   0x00000014   Code   RO         3671    .text               mf_w.l(cfcmple.o)
    0x080006e0   0x00000014   Code   RO         3673    .text               mf_w.l(cfrcmple.o)
    0x080006f4   0x0000002c   Code   RO         3689    .text               mc_w.l(uidiv.o)
    0x08000720   0x00000062   Code   RO         3691    .text               mc_w.l(uldiv.o)
    0x08000782   0x0000001e   Code   RO         3693    .text               mc_w.l(llshl.o)
    0x080007a0   0x00000020   Code   RO         3695    .text               mc_w.l(llushr.o)
    0x080007c0   0x00000024   Code   RO         3697    .text               mc_w.l(llsshr.o)
    0x080007e4   0x00000000   Code   RO         3699    .text               mc_w.l(iusefp.o)
    0x080007e4   0x0000006c   Code   RO         3700    .text               mf_w.l(fepilogue.o)
    0x08000850   0x000000be   Code   RO         3702    .text               mf_w.l(depilogue.o)
    0x0800090e   0x00000030   Code   RO         3704    .text               mf_w.l(dfixul.o)
    0x0800093e   0x00000002   PAD
    0x08000940   0x00000028   Code   RO         3706    .text               mf_w.l(cdrcmple.o)
    0x08000968   0x00000024   Code   RO         3708    .text               mc_w.l(init.o)
    0x0800098c   0x00000858   Code   RO            1    i.AD_Calibration_menu  main.o
    0x080011e4   0x0000002e   Code   RO          558    i.AT24CXX_Check     24cxx.o
    0x08001212   0x00000008   Code   RO          559    i.AT24CXX_Init      24cxx.o
    0x0800121a   0x00000022   Code   RO          560    i.AT24CXX_Read      24cxx.o
    0x0800123c   0x00000058   Code   RO          562    i.AT24CXX_ReadOneByte  24cxx.o
    0x08001294   0x00000024   Code   RO          563    i.AT24CXX_Write     24cxx.o
    0x080012b8   0x00000050   Code   RO          565    i.AT24CXX_WriteOneByte  24cxx.o
    0x08001308   0x00000158   Code   RO          441    i.Adc_Init          setup.o
    0x08001460   0x000004c4   Code   RO          974    i.AnJianPressed     lcd.o
    0x08001924   0x00000010   Code   RO         3011    i.BKP_DeInit        stm32f10x_bkp.o
    0x08001934   0x0000001c   Code   RO         3016    i.BKP_ReadBackupRegister  stm32f10x_bkp.o
    0x08001950   0x0000001c   Code   RO         3020    i.BKP_WriteBackupRegister  stm32f10x_bkp.o
    0x0800196c   0x00000004   Code   RO          354    i.BusFault_Handler  stm32f10x_it.o
    0x08001970   0x0000005c   Code   RO          917    i.CT_IIC_Ack        ctiic.o
    0x080019cc   0x00000050   Code   RO          918    i.CT_IIC_Init       ctiic.o
    0x08001a1c   0x0000005c   Code   RO          919    i.CT_IIC_NAck       ctiic.o
    0x08001a78   0x00000074   Code   RO          920    i.CT_IIC_Read_Byte  ctiic.o
    0x08001aec   0x00000074   Code   RO          921    i.CT_IIC_Send_Byte  ctiic.o
    0x08001b60   0x00000050   Code   RO          922    i.CT_IIC_Start      ctiic.o
    0x08001bb0   0x0000004c   Code   RO          923    i.CT_IIC_Stop       ctiic.o
    0x08001bfc   0x0000006c   Code   RO          924    i.CT_IIC_Wait_Ack   ctiic.o
    0x08001c68   0x00000044   Code   RO         1498    i.Cal_CRC           crc16.o
    0x08001cac   0x000002d0   Code   RO            2    i.Calibration_menu  main.o
    0x08001f7c   0x000003dc   Code   RO         1400    i.DataProcess       serial.o
    0x08002358   0x00000158   Code   RO            3    i.Data_Fullmenu     main.o
    0x080024b0   0x00000002   Code   RO          355    i.DebugMon_Handler  stm32f10x_it.o
    0x080024b2   0x00000002   PAD
    0x080024b4   0x00000238   Code   RO            4    i.Erase_Waring      main.o
    0x080026ec   0x00000034   Code   RO         1804    i.FSMC_NORSRAMCmd   stm32f10x_fsmc.o
    0x08002720   0x000000e0   Code   RO         1806    i.FSMC_NORSRAMInit  stm32f10x_fsmc.o
    0x08002800   0x00000100   Code   RO         1297    i.FT5206_Init       ft5206.o
    0x08002900   0x00000058   Code   RO         1298    i.FT5206_RD_Reg     ft5206.o
    0x08002958   0x00000144   Code   RO         1299    i.FT5206_Scan       ft5206.o
    0x08002a9c   0x00000052   Code   RO         1301    i.FT5206_WR_Reg     ft5206.o
    0x08002aee   0x00000002   PAD
    0x08002af0   0x00000054   Code   RO          442    i.GPIO_Configuration  setup.o
    0x08002b44   0x00000112   Code   RO         1919    i.GPIO_Init         stm32f10x_gpio.o
    0x08002c56   0x00000004   Code   RO         1926    i.GPIO_ResetBits    stm32f10x_gpio.o
    0x08002c5a   0x00000004   Code   RO         1927    i.GPIO_SetBits      stm32f10x_gpio.o
    0x08002c5e   0x00000002   PAD
    0x08002c60   0x00000084   Code   RO          976    i.GUI_LoadLine      lcd.o
    0x08002ce4   0x00000038   Code   RO          977    i.GUI_LoadPic       lcd.o
    0x08002d1c   0x00000020   Code   RO          978    i.GUI_Point         lcd.o
    0x08002d3c   0x00000014   Code   RO          979    i.GUI_SetColor      lcd.o
    0x08002d50   0x00000044   Code   RO          443    i.Get_Adc           setup.o
    0x08002d94   0x0000002a   Code   RO          444    i.Get_Adc_Average   setup.o
    0x08002dbe   0x00000004   Code   RO          356    i.HardFault_Handler  stm32f10x_it.o
    0x08002dc2   0x00000002   PAD
    0x08002dc4   0x00000050   Code   RO         1346    i.IIC_Ack           myiic.o
    0x08002e14   0x0000003c   Code   RO         1347    i.IIC_Init          myiic.o
    0x08002e50   0x0000004c   Code   RO         1348    i.IIC_NAck          myiic.o
    0x08002e9c   0x00000074   Code   RO         1349    i.IIC_Read_Byte     myiic.o
    0x08002f10   0x00000078   Code   RO         1350    i.IIC_Send_Byte     myiic.o
    0x08002f88   0x0000004c   Code   RO         1351    i.IIC_Start         myiic.o
    0x08002fd4   0x0000004c   Code   RO         1352    i.IIC_Stop          myiic.o
    0x08003020   0x00000068   Code   RO         1353    i.IIC_Wait_Ack      myiic.o
    0x08003088   0x00000020   Code   RO          445    i.InitHardware      setup.o
    0x080030a8   0x0000003a   Code   RO          785    i.Is_Leap_Year      rtc.o
    0x080030e2   0x00000002   PAD
    0x080030e4   0x00000478   Code   RO            5    i.JianPan_Displayfu  main.o
    0x0800355c   0x00000054   Code   RO          982    i.LCD_BackLightSet  lcd.o
    0x080035b0   0x0000002c   Code   RO          983    i.LCD_Clear         lcd.o
    0x080035dc   0x000000ec   Code   RO          446    i.LCD_CtrlLinesConfig  setup.o
    0x080036c8   0x00000050   Code   RO          987    i.LCD_Display_Dir   lcd.o
    0x08003718   0x000000b0   Code   RO          988    i.LCD_DrawLine      lcd.o
    0x080037c8   0x00000024   Code   RO          989    i.LCD_DrawPoint     lcd.o
    0x080037ec   0x0000003c   Code   RO          990    i.LCD_DrawRectangle  lcd.o
    0x08003828   0x0000006e   Code   RO          447    i.LCD_FSMCConfig    setup.o
    0x08003896   0x00000002   PAD
    0x08003898   0x00000054   Code   RO          993    i.LCD_Fill          lcd.o
    0x080038ec   0x000001f0   Code   RO          994    i.LCD_Init          lcd.o
    0x08003adc   0x00000016   Code   RO          995    i.LCD_Pow           lcd.o
    0x08003af2   0x00000002   PAD
    0x08003af4   0x0000000c   Code   RO          996    i.LCD_RD_DATA       lcd.o
    0x08003b00   0x00000118   Code   RO          999    i.LCD_Scan_Dir      lcd.o
    0x08003c18   0x0000009c   Code   RO         1000    i.LCD_SetCursor     lcd.o
    0x08003cb4   0x000001b8   Code   RO         1004    i.LCD_ShowChar      lcd.o
    0x08003e6c   0x00000094   Code   RO         1005    i.LCD_ShowNum       lcd.o
    0x08003f00   0x00000066   Code   RO         1006    i.LCD_ShowString    lcd.o
    0x08003f66   0x000000be   Code   RO         1007    i.LCD_ShowxNum      lcd.o
    0x08004024   0x0000000c   Code   RO         1008    i.LCD_WR_DATA       lcd.o
    0x08004030   0x0000000c   Code   RO         1009    i.LCD_WR_REG        lcd.o
    0x0800403c   0x00000014   Code   RO         1011    i.LCD_WriteRAM_Prepare  lcd.o
    0x08004050   0x00000010   Code   RO         1012    i.LCD_WriteReg      lcd.o
    0x08004060   0x00000028   Code   RO         1302    i.Loosen_Lcd        ft5206.o
    0x08004088   0x00000080   Code   RO          448    i.MY_NVIC_Init      setup.o
    0x08004108   0x00000028   Code   RO          449    i.MY_NVIC_PriorityGroupConfig  setup.o
    0x08004130   0x00000004   Code   RO          357    i.MemManage_Handler  stm32f10x_it.o
    0x08004134   0x00000002   Code   RO          358    i.NMI_Handler       stm32f10x_it.o
    0x08004136   0x00000002   PAD
    0x08004138   0x00000074   Code   RO         1535    i.NVIC_Init         misc.o
    0x080041ac   0x00000518   Code   RO            6    i.No_LoadTest_orclearMenu  main.o
    0x080046c4   0x0000000c   Code   RO         3087    i.PWR_BackupAccessCmd  stm32f10x_pwr.o
    0x080046d0   0x0000005c   Code   RO          869    i.P_WriteData       printer.o
    0x0800472c   0x00000002   Code   RO          359    i.PendSV_Handler    stm32f10x_it.o
    0x0800472e   0x00000002   PAD
    0x08004730   0x0000053a   Code   RO            7    i.PrintReport       main.o
    0x08004c6a   0x0000001c   Code   RO          870    i.PrintStr          printer.o
    0x08004c86   0x00000026   Code   RO          871    i.PrintStrNnum      printer.o
    0x08004cac   0x0000009c   Code   RO          872    i.Printer_Init      printer.o
    0x08004d48   0x000004c4   Code   RO         1013    i.Put_AnJian        lcd.o
    0x0800520c   0x00000020   Code   RO         2028    i.RCC_AHBPeriphClockCmd  stm32f10x_rcc.o
    0x0800522c   0x00000020   Code   RO         2029    i.RCC_APB1PeriphClockCmd  stm32f10x_rcc.o
    0x0800524c   0x00000020   Code   RO         2031    i.RCC_APB2PeriphClockCmd  stm32f10x_rcc.o
    0x0800526c   0x0000000c   Code   RO         2034    i.RCC_BackupResetCmd  stm32f10x_rcc.o
    0x08005278   0x00000028   Code   RO          451    i.RCC_Configuration  setup.o
    0x080052a0   0x000000d4   Code   RO         2039    i.RCC_GetClocksFreq  stm32f10x_rcc.o
    0x08005374   0x0000003c   Code   RO         2040    i.RCC_GetFlagStatus  stm32f10x_rcc.o
    0x080053b0   0x00000034   Code   RO         2047    i.RCC_LSEConfig     stm32f10x_rcc.o
    0x080053e4   0x0000000c   Code   RO         2054    i.RCC_RTCCLKCmd     stm32f10x_rcc.o
    0x080053f0   0x00000010   Code   RO         2055    i.RCC_RTCCLKConfig  stm32f10x_rcc.o
    0x08005400   0x00000014   Code   RO         2921    i.RTC_EnterConfigMode  stm32f10x_rtc.o
    0x08005414   0x00000014   Code   RO         2922    i.RTC_ExitConfigMode  stm32f10x_rtc.o
    0x08005428   0x00000108   Code   RO          786    i.RTC_Get           rtc.o
    0x08005530   0x00000078   Code   RO          787    i.RTC_Get_Week      rtc.o
    0x080055a8   0x00000048   Code   RO          788    i.RTC_IRQHandler    rtc.o
    0x080055f0   0x00000020   Code   RO         2927    i.RTC_ITConfig      stm32f10x_rtc.o
    0x08005610   0x000000c8   Code   RO          789    i.RTC_Init          rtc.o
    0x080056d8   0x00000110   Code   RO          790    i.RTC_Set           rtc.o
    0x080057e8   0x00000020   Code   RO         2930    i.RTC_SetPrescaler  stm32f10x_rtc.o
    0x08005808   0x00000014   Code   RO         2931    i.RTC_WaitForLastTask  stm32f10x_rtc.o
    0x0800581c   0x00000020   Code   RO         2932    i.RTC_WaitForSynchro  stm32f10x_rtc.o
    0x0800583c   0x00000054   Code   RO         1401    i.ReceiveByte_USART2  serial.o
    0x08005890   0x000000c8   Code   RO          734    i.SPI1_Init         spi.o
    0x08005958   0x00000048   Code   RO          735    i.SPI1_ReadWriteByte  spi.o
    0x080059a0   0x00000084   Code   RO          737    i.SPI2_Init         spi.o
    0x08005a24   0x00000054   Code   RO          738    i.SPI2_ReadWriteByte  spi.o
    0x08005a78   0x00000028   Code   RO          739    i.SPI2_SetSpeed     spi.o
    0x08005aa0   0x00000034   Code   RO          835    i.SPI_AD8341_Init   ads8341.o
    0x08005ad4   0x00000018   Code   RO         2780    i.SPI_Cmd           stm32f10x_spi.o
    0x08005aec   0x00000024   Code   RO          624    i.SPI_FLASH_Write_Enable  flash.o
    0x08005b10   0x00000048   Code   RO          627    i.SPI_Flash_Erase_Sector  flash.o
    0x08005b58   0x00000038   Code   RO          628    i.SPI_Flash_Init    flash.o
    0x08005b90   0x00000054   Code   RO          630    i.SPI_Flash_Read    flash.o
    0x08005be4   0x00000030   Code   RO          632    i.SPI_Flash_ReadSR  flash.o
    0x08005c14   0x00000010   Code   RO          634    i.SPI_Flash_Wait_Busy  flash.o
    0x08005c24   0x000000b4   Code   RO          635    i.SPI_Flash_Write   flash.o
    0x08005cd8   0x00000046   Code   RO          636    i.SPI_Flash_Write_NoCheck  flash.o
    0x08005d1e   0x00000002   PAD
    0x08005d20   0x00000058   Code   RO          637    i.SPI_Flash_Write_Page  flash.o
    0x08005d78   0x00000012   Code   RO         2788    i.SPI_I2S_GetFlagStatus  stm32f10x_spi.o
    0x08005d8a   0x00000006   Code   RO         2791    i.SPI_I2S_ReceiveData  stm32f10x_spi.o
    0x08005d90   0x00000004   Code   RO         2792    i.SPI_I2S_SendData  stm32f10x_spi.o
    0x08005d94   0x0000003c   Code   RO         2793    i.SPI_Init          stm32f10x_spi.o
    0x08005dd0   0x00000002   Code   RO          360    i.SVC_Handler       stm32f10x_it.o
    0x08005dd2   0x00000002   PAD
    0x08005dd4   0x000003dc   Code   RO            8    i.ScanKeyBoard      main.o
    0x080061b0   0x00000060   Code   RO         1402    i.SendByte_USART2   serial.o
    0x08006210   0x00000030   Code   RO         1403    i.SendFirstByte_USART2  serial.o
    0x08006240   0x000000e4   Code   RO         1404    i.Sendout_uart1_CLJ260  serial.o
    0x08006324   0x00000080   Code   RO         1405    i.Sendout_uart1_Flowmeter  serial.o
    0x080063a4   0x00000008   Code   RO         3338    i.SetSysClock       system_stm32f10x.o
    0x080063ac   0x000000dc   Code   RO         3339    i.SetSysClockTo72   system_stm32f10x.o
    0x08006488   0x00000304   Code   RO            9    i.Show_Excel        main.o
    0x0800678c   0x00000174   Code   RO         1014    i.Show_GB16         lcd.o
    0x08006900   0x00000188   Code   RO         1015    i.Show_GB24         lcd.o
    0x08006a88   0x00000174   Code   RO         1016    i.Show_GB32         lcd.o
    0x08006bfc   0x000000f2   Code   RO         1017    i.Show_Str          lcd.o
    0x08006cee   0x00000002   Code   RO          361    i.SysTick_Handler   stm32f10x_it.o
    0x08006cf0   0x00000060   Code   RO         3341    i.SystemInit        system_stm32f10x.o
    0x08006d50   0x000000e8   Code   RO          362    i.TIM4_IRQHandler   stm32f10x_it.o
    0x08006e38   0x00000064   Code   RO          453    i.TIM4_Int_Init     setup.o
    0x08006e9c   0x00000006   Code   RO         2238    i.TIM_ClearITPendingBit  stm32f10x_tim.o
    0x08006ea2   0x00000018   Code   RO         2243    i.TIM_Cmd           stm32f10x_tim.o
    0x08006eba   0x00000022   Code   RO         2264    i.TIM_GetITStatus   stm32f10x_tim.o
    0x08006edc   0x00000012   Code   RO         2268    i.TIM_ITConfig      stm32f10x_tim.o
    0x08006eee   0x00000002   PAD
    0x08006ef0   0x000000a4   Code   RO         2314    i.TIM_TimeBaseInit  stm32f10x_tim.o
    0x08006f94   0x00000184   Code   RO           10    i.Test_DataSave     main.o
    0x08007118   0x000001a4   Code   RO           11    i.Test_Function     main.o
    0x080072bc   0x0000003c   Code   RO          363    i.USART2_IRQHandler  stm32f10x_it.o
    0x080072f8   0x00000044   Code   RO         1406    i.USART2_Rece       serial.o
    0x0800733c   0x00000030   Code   RO         1407    i.USART2_Send       serial.o
    0x0800736c   0x0000001e   Code   RO         3148    i.USART_ClearITPendingBit  stm32f10x_usart.o
    0x0800738a   0x00000018   Code   RO         3151    i.USART_Cmd         stm32f10x_usart.o
    0x080073a2   0x0000000c   Code   RO         1408    i.USART_Com         serial.o
    0x080073ae   0x00000002   PAD
    0x080073b0   0x00000094   Code   RO          454    i.USART_Configuration  setup.o
    0x08007444   0x00000054   Code   RO         3155    i.USART_GetITStatus  stm32f10x_usart.o
    0x08007498   0x0000004a   Code   RO         3157    i.USART_ITConfig    stm32f10x_usart.o
    0x080074e2   0x00000002   PAD
    0x080074e4   0x000000d8   Code   RO         3158    i.USART_Init        stm32f10x_usart.o
    0x080075bc   0x0000000a   Code   RO         3165    i.USART_ReceiveData  stm32f10x_usart.o
    0x080075c6   0x00000008   Code   RO         3168    i.USART_SendData    stm32f10x_usart.o
    0x080075ce   0x00000004   Code   RO          364    i.UsageFault_Handler  stm32f10x_it.o
    0x080075d2   0x00000002   PAD
    0x080075d4   0x000001b0   Code   RO         1409    i.ZD_Port           serial.o
    0x08007784   0x00000028   Code   RO         3619    i.__0sprintf        mc_w.l(printfa.o)
    0x080077ac   0x0000000e   Code   RO         3712    i.__scatterload_copy  mc_w.l(handlers.o)
    0x080077ba   0x00000002   Code   RO         3713    i.__scatterload_null  mc_w.l(handlers.o)
    0x080077bc   0x0000000e   Code   RO         3714    i.__scatterload_zeroinit  mc_w.l(handlers.o)
    0x080077ca   0x00000002   PAD
    0x080077cc   0x0000015c   Code   RO         3624    i._fp_digits        mc_w.l(printfa.o)
    0x08007928   0x000006f0   Code   RO         3625    i._printf_core      mc_w.l(printfa.o)
    0x08008018   0x00000026   Code   RO         3626    i._printf_post_padding  mc_w.l(printfa.o)
    0x0800803e   0x00000030   Code   RO         3627    i._printf_pre_padding  mc_w.l(printfa.o)
    0x0800806e   0x0000000a   Code   RO         3629    i._sputc            mc_w.l(printfa.o)
    0x08008078   0x0000001e   Code   RO          566    i.delay1ms          24cxx.o
    0x08008096   0x0000001a   Code   RO          455    i.delay_ms          setup.o
    0x080080b0   0x00000018   Code   RO          456    i.delay_us          setup.o
    0x080080c8   0x0000001c   Code   RO          873    i.delayms           printer.o
    0x080080e4   0x000002c8   Code   RO           13    i.display_Dust      main.o
    0x080083ac   0x00000118   Code   RO           14    i.display_Flow      main.o
    0x080084c4   0x00000118   Code   RO           15    i.display_press     main.o
    0x080085dc   0x00000118   Code   RO           16    i.display_time      main.o
    0x080086f4   0x00000024   Code   RO         1020    i.gui_draw_hline    lcd.o
    0x08008718   0x00000024   Code   RO         1021    i.gui_draw_vline    lcd.o
    0x0800873c   0x000000b0   Code   RO         1022    i.gui_fill_circle   lcd.o
    0x080087ec   0x000006b0   Code   RO           17    i.key_function      main.o
    0x08008e9c   0x000000ae   Code   RO         1023    i.lcd_draw_bline    lcd.o
    0x08008f4a   0x00000002   PAD
    0x08008f4c   0x000001b0   Code   RO           18    i.main              main.o
    0x080090fc   0x00000750   Code   RO           19    i.menu1             main.o
    0x0800984c   0x00000230   Code   RO           20    i.menu_FlowError    main.o
    0x08009a7c   0x000005dc   Code   RO           21    i.menu_datacheck    main.o
    0x0800a058   0x000004f4   Code   RO           22    i.menu_datacheck_key  main.o
    0x0800a54c   0x00000484   Code   RO           23    i.menu_help         main.o
    0x0800a9d0   0x00000430   Code   RO           24    i.menu_password     main.o
    0x0800ae00   0x0000023c   Code   RO           25    i.menu_pressError   main.o
    0x0800b03c   0x000008b4   Code   RO           26    i.menu_setkeyboard  main.o
    0x0800b8f0   0x0000044c   Code   RO           27    i.menu_setting      main.o
    0x0800bd3c   0x000006fc   Code   RO           28    i.menu_setting_key  main.o
    0x0800c438   0x00000178   Code   RO           29    i.menu_start        main.o
    0x0800c5b0   0x000000a0   Code   RO           30    i.menu_start_keytest  main.o
    0x0800c650   0x0000038c   Code   RO           31    i.menu_warning_keycheck  main.o
    0x0800c9dc   0x00000164   Code   RO           32    i.menu_warning_press  main.o
    0x0800cb40   0x00000088   Code   RO          874    i.pprint            printer.o
    0x0800cbc8   0x00000024   Code   RO           34    i.speekers          main.o
    0x0800cbec   0x00000dc1   Data   RO          776    .constdata          picture.o
    0x0800d9ad   0x00000018   Data   RO          792    .constdata          rtc.o
    0x0800d9c5   0x00007326   Data   RO         1025    .constdata          lcd.o
    0x08014ceb   0x00000001   PAD
    0x08014cec   0x0000000a   Data   RO         1303    .constdata          ft5206.o
    0x08014cf6   0x00000200   Data   RO         1502    .constdata          crc16.o
    0x08014ef6   0x00000002   PAD
    0x08014ef8   0x00000020   Data   RO         3710    Region$$Table       anon$$obj.o


    Execution Region RW_IRAM1 (Base: 0x20000000, Size: 0x000047a8, Max: 0x00010000, ABSOLUTE)

    Base Addr    Size         Type   Attr      Idx    E Section Name        Object

    0x20000000   0x0000008c   Data   RW           36    .data               main.o
    0x2000008c   0x0000000c   Data   RW          365    .data               stm32f10x_it.o
    0x20000098   0x00000002   Data   RW          793    .data               rtc.o
    0x2000009a   0x00000001   Data   RW          875    .data               printer.o
    0x2000009b   0x00000001   PAD
    0x2000009c   0x0000000e   Data   RW         1026    .data               lcd.o
    0x200000aa   0x00000002   PAD
    0x200000ac   0x00000021   Data   RW         1304    .data               ft5206.o
    0x200000cd   0x00000002   Data   RW         1503    .data               crc16.o
    0x200000cf   0x00000014   Data   RW         2059    .data               stm32f10x_rcc.o
    0x200000e3   0x00000001   PAD
    0x200000e4   0x00000024   Zero   RW           35    .bss                main.o
    0x20000108   0x00001000   Zero   RW          638    .bss                flash.o
    0x20001108   0x0000000a   Zero   RW          791    .bss                rtc.o
    0x20001112   0x0000000e   Zero   RW         1024    .bss                lcd.o
    0x20001120   0x00000686   Zero   RW         1412    .bss                serial.o
    0x200017a6   0x00000002   PAD
    0x200017a8   0x00003000   Zero   RW         3372    STACK               startup_stm32f10x_hd.o


==============================================================================

Image component sizes


      Code (inc. data)   RO Data    RW Data    ZI Data      Debug   Object Name

       322          0          0          0          0       4210   24cxx.o
        52          4          0          0          0        526   ads8341.o
         0          0          0          0          0         32   core_cm3.o
        68         18        512          2          0       1307   crc16.o
       760        124          0          0          0       4286   ctiic.o
       650         46          0          0       4096       6023   flash.o
       790         38         10         33          0       4610   ft5206.o
      6950        222      29478         14         14      28086   lcd.o
     28770       3678          0        140         36     299171   main.o
       116         14          0          0          0        980   misc.o
       708        116          0          0          0       4162   myiic.o
         0          0       3521          0          0        706   picture.o
       478         56          0          1          0       3488   printer.o
       986         62         24          2         10       5098   rtc.o
      2132        216          0          0       1670       8823   serial.o
      1422        106          0          0          0       7831   setup.o
       528         42          0          0          0       2890   spi.o
        36          8        304          0      12288        784   startup_stm32f10x_hd.o
        72         10          0          0          0       2604   stm32f10x_bkp.o
       276          6          0          0          0       1761   stm32f10x_fsmc.o
       282          0          0          0          0       2956   stm32f10x_gpio.o
       318         38          0         12          0       7889   stm32f10x_it.o
        12          6          0          0          0        498   stm32f10x_pwr.o
       460         66          0         20          0       7558   stm32f10x_rcc.o
       156         32          0          0          0       2908   stm32f10x_rtc.o
       112          0          0          0          0       3714   stm32f10x_spi.o
       246         42          0          0          0       3442   stm32f10x_tim.o
       446          6          0          0          0       5997   stm32f10x_usart.o
       324         26          0          0          0       1917   system_stm32f10x.o

    ----------------------------------------------------------------------
     47504       4982      33884        228      18116     424257   Object Totals
         0          0         32          0          0          0   (incl. Generated)
        32          0          3          4          2          0   (incl. Padding)

    ----------------------------------------------------------------------

      Code (inc. data)   RO Data    RW Data    ZI Data      Debug   Library Member Name

         0          0          0          0          0          0   entry.o
         0          0          0          0          0          0   entry10a.o
         0          0          0          0          0          0   entry11a.o
         8          4          0          0          0          0   entry2.o
         4          0          0          0          0          0   entry5.o
         0          0          0          0          0          0   entry7b.o
         0          0          0          0          0          0   entry8b.o
         8          4          0          0          0          0   entry9a.o
        30          0          0          0          0          0   handlers.o
        36          8          0          0          0         68   init.o
         0          0          0          0          0          0   iusefp.o
        30          0          0          0          0         68   llshl.o
        36          0          0          0          0         68   llsshr.o
        32          0          0          0          0         68   llushr.o
      2260         86          0          0          0        512   printfa.o
        44          0          0          0          0         80   uidiv.o
        98          0          0          0          0         92   uldiv.o
        40          2          0          0          0         68   cdrcmple.o
        20          0          0          0          0         68   cfcmple.o
        20          0          0          0          0         68   cfrcmple.o
       334          0          0          0          0        144   dadd.o
       222          0          0          0          0        100   ddiv.o
       190          0          0          0          0        176   depilogue.o
        50          0          0          0          0         76   dfixui.o
        48          0          0          0          0         68   dfixul.o
        26          0          0          0          0         76   dfltui.o
       228          0          0          0          0         92   dmul.o
        38          0          0          0          0         68   f2d.o
       176          0          0          0          0        140   fadd.o
       128          0          0          0          0         88   fdiv.o
       108          0          0          0          0        168   fepilogue.o
        40          0          0          0          0         68   ffixui.o
        18          0          0          0          0         68   fflti.o
        10          0          0          0          0         68   ffltui.o
       108          0          0          0          0         76   fmul.o

    ----------------------------------------------------------------------
      4396        104          0          0          0       2636   Library Totals
         6          0          0          0          0          0   (incl. Padding)

    ----------------------------------------------------------------------

      Code (inc. data)   RO Data    RW Data    ZI Data      Debug   Library Name

      2586        102          0          0          0        956   mc_w.l
      1804          2          0          0          0       1680   mf_w.l

    ----------------------------------------------------------------------
      4396        104          0          0          0       2636   Library Totals

    ----------------------------------------------------------------------

==============================================================================


      Code (inc. data)   RO Data    RW Data    ZI Data      Debug   

     51900       5086      33884        228      18116     415193   Grand Totals
     51900       5086      33884        228      18116     415193   ELF Image Totals
     51900       5086      33884        228          0          0   ROM Totals

==============================================================================

    Total RO  Size (Code + RO Data)                85784 (  83.77kB)
    Total RW  Size (RW Data + ZI Data)             18344 (  17.91kB)
    Total ROM Size (Code + RO Data + RW Data)      86012 (  84.00kB)

==============================================================================

